Archive member included to satisfy reference by file (symbol)

c:/st/stm32cubeide_1.7.0/stm32cubeide/plugins/com.st.stm32cube.ide.mcu.externaltools.gnu-tools-for-stm32.9-2020-q2-update.win32_2.0.0.202105311346/tools/bin/../lib/gcc/arm-none-eabi/9.3.1/../../../../arm-none-eabi/lib/thumb/v7-m/nofp\libc_nano.a(lib_a-errno.o)
                              ./Core/Src/syscalls.o (__errno)
c:/st/stm32cubeide_1.7.0/stm32cubeide/plugins/com.st.stm32cube.ide.mcu.externaltools.gnu-tools-for-stm32.9-2020-q2-update.win32_2.0.0.202105311346/tools/bin/../lib/gcc/arm-none-eabi/9.3.1/../../../../arm-none-eabi/lib/thumb/v7-m/nofp\libc_nano.a(lib_a-exit.o)
                              c:/st/stm32cubeide_1.7.0/stm32cubeide/plugins/com.st.stm32cube.ide.mcu.externaltools.gnu-tools-for-stm32.9-2020-q2-update.win32_2.0.0.202105311346/tools/bin/../lib/gcc/arm-none-eabi/9.3.1/../../../../arm-none-eabi/lib/thumb/v7-m/nofp/crt0.o (exit)
c:/st/stm32cubeide_1.7.0/stm32cubeide/plugins/com.st.stm32cube.ide.mcu.externaltools.gnu-tools-for-stm32.9-2020-q2-update.win32_2.0.0.202105311346/tools/bin/../lib/gcc/arm-none-eabi/9.3.1/../../../../arm-none-eabi/lib/thumb/v7-m/nofp\libc_nano.a(lib_a-impure.o)
                              c:/st/stm32cubeide_1.7.0/stm32cubeide/plugins/com.st.stm32cube.ide.mcu.externaltools.gnu-tools-for-stm32.9-2020-q2-update.win32_2.0.0.202105311346/tools/bin/../lib/gcc/arm-none-eabi/9.3.1/../../../../arm-none-eabi/lib/thumb/v7-m/nofp\libc_nano.a(lib_a-exit.o) (_global_impure_ptr)
c:/st/stm32cubeide_1.7.0/stm32cubeide/plugins/com.st.stm32cube.ide.mcu.externaltools.gnu-tools-for-stm32.9-2020-q2-update.win32_2.0.0.202105311346/tools/bin/../lib/gcc/arm-none-eabi/9.3.1/../../../../arm-none-eabi/lib/thumb/v7-m/nofp\libc_nano.a(lib_a-init.o)
                              c:/st/stm32cubeide_1.7.0/stm32cubeide/plugins/com.st.stm32cube.ide.mcu.externaltools.gnu-tools-for-stm32.9-2020-q2-update.win32_2.0.0.202105311346/tools/bin/../lib/gcc/arm-none-eabi/9.3.1/../../../../arm-none-eabi/lib/thumb/v7-m/nofp/crt0.o (__libc_init_array)
c:/st/stm32cubeide_1.7.0/stm32cubeide/plugins/com.st.stm32cube.ide.mcu.externaltools.gnu-tools-for-stm32.9-2020-q2-update.win32_2.0.0.202105311346/tools/bin/../lib/gcc/arm-none-eabi/9.3.1/../../../../arm-none-eabi/lib/thumb/v7-m/nofp\libc_nano.a(lib_a-memset.o)
                              c:/st/stm32cubeide_1.7.0/stm32cubeide/plugins/com.st.stm32cube.ide.mcu.externaltools.gnu-tools-for-stm32.9-2020-q2-update.win32_2.0.0.202105311346/tools/bin/../lib/gcc/arm-none-eabi/9.3.1/../../../../arm-none-eabi/lib/thumb/v7-m/nofp/crt0.o (memset)
c:/st/stm32cubeide_1.7.0/stm32cubeide/plugins/com.st.stm32cube.ide.mcu.externaltools.gnu-tools-for-stm32.9-2020-q2-update.win32_2.0.0.202105311346/tools/bin/../lib/gcc/arm-none-eabi/9.3.1/../../../../arm-none-eabi/lib/thumb/v7-m/nofp\libc_nano.a(lib_a-sprintf.o)
                              ./Core/Src/uart_communication_fsm.o (sprintf)
c:/st/stm32cubeide_1.7.0/stm32cubeide/plugins/com.st.stm32cube.ide.mcu.externaltools.gnu-tools-for-stm32.9-2020-q2-update.win32_2.0.0.202105311346/tools/bin/../lib/gcc/arm-none-eabi/9.3.1/../../../../arm-none-eabi/lib/thumb/v7-m/nofp\libc_nano.a(lib_a-nano-svfprintf.o)
                              c:/st/stm32cubeide_1.7.0/stm32cubeide/plugins/com.st.stm32cube.ide.mcu.externaltools.gnu-tools-for-stm32.9-2020-q2-update.win32_2.0.0.202105311346/tools/bin/../lib/gcc/arm-none-eabi/9.3.1/../../../../arm-none-eabi/lib/thumb/v7-m/nofp\libc_nano.a(lib_a-sprintf.o) (_svfprintf_r)
c:/st/stm32cubeide_1.7.0/stm32cubeide/plugins/com.st.stm32cube.ide.mcu.externaltools.gnu-tools-for-stm32.9-2020-q2-update.win32_2.0.0.202105311346/tools/bin/../lib/gcc/arm-none-eabi/9.3.1/../../../../arm-none-eabi/lib/thumb/v7-m/nofp\libc_nano.a(lib_a-nano-vfprintf_i.o)
                              c:/st/stm32cubeide_1.7.0/stm32cubeide/plugins/com.st.stm32cube.ide.mcu.externaltools.gnu-tools-for-stm32.9-2020-q2-update.win32_2.0.0.202105311346/tools/bin/../lib/gcc/arm-none-eabi/9.3.1/../../../../arm-none-eabi/lib/thumb/v7-m/nofp\libc_nano.a(lib_a-nano-svfprintf.o) (_printf_i)
c:/st/stm32cubeide_1.7.0/stm32cubeide/plugins/com.st.stm32cube.ide.mcu.externaltools.gnu-tools-for-stm32.9-2020-q2-update.win32_2.0.0.202105311346/tools/bin/../lib/gcc/arm-none-eabi/9.3.1/../../../../arm-none-eabi/lib/thumb/v7-m/nofp\libc_nano.a(lib_a-memchr-stub.o)
                              c:/st/stm32cubeide_1.7.0/stm32cubeide/plugins/com.st.stm32cube.ide.mcu.externaltools.gnu-tools-for-stm32.9-2020-q2-update.win32_2.0.0.202105311346/tools/bin/../lib/gcc/arm-none-eabi/9.3.1/../../../../arm-none-eabi/lib/thumb/v7-m/nofp\libc_nano.a(lib_a-nano-svfprintf.o) (memchr)
c:/st/stm32cubeide_1.7.0/stm32cubeide/plugins/com.st.stm32cube.ide.mcu.externaltools.gnu-tools-for-stm32.9-2020-q2-update.win32_2.0.0.202105311346/tools/bin/../lib/gcc/arm-none-eabi/9.3.1/../../../../arm-none-eabi/lib/thumb/v7-m/nofp\libc_nano.a(lib_a-memcpy-stub.o)
[...]
Memory Configuration

Name             Origin             Length             Attributes
RAM              0x0000000020000000 0x0000000000002800 xrw
FLASH            0x0000000008000000 0x0000000000008000 xr
*default*        0x0000000000000000 0xffffffffffffffff

Linker script and memory map

LOAD c:/st/stm32cubeide_1.7.0/stm32cubeide/plugins/com.st.stm32cube.ide.mcu.externaltools.gnu-tools-for-stm32.9-2020-q2-update.win32_2.0.0.202105311346/tools/bin/../lib/gcc/arm-none-eabi/9.3.1/thumb/v7-m/nofp/crti.o
LOAD c:/st/stm32cubeide_1.7.0/stm32cubeide/plugins/com.st.stm32cube.ide.mcu.externaltools.gnu-tools-for-stm32.9-2020-q2-update.win32_2.0.0.202105311346/tools/bin/../lib/gcc/arm-none-eabi/9.3.1/thumb/v7-m/nofp/crtbegin.o
LOAD c:/st/stm32cubeide_1.7.0/stm32cubeide/plugins/com.st.stm32cube.ide.mcu.externaltools.gnu-tools-for-stm32.9-2020-q2-update.win32_2.0.0.202105311346/tools/bin/../lib/gcc/arm-none-eabi/9.3.1/../../../../arm-none-eabi/lib/thumb/v7-m/nofp/crt0.o
LOAD ./Core/Src/command_parser_fsm.o
LOAD ./Core/Src/global.o
LOAD ./Core/Src/main.o
LOAD ./Core/Src/stm32f1xx_hal_msp.o
LOAD ./Core/Src/stm32f1xx_it.o
LOAD ./Core/Src/syscalls.o
LOAD ./Core/Src/sysmem.o
LOAD ./Core/Src/system_stm32f1xx.o
LOAD ./Core/Src/timer.o
LOAD ./Core/Src/uart_communication_fsm.o
LOAD ./Core/Startup/startup_stm32f103c6ux.o
LOAD ./Drivers/STM32F1xx_HAL_Driver/Src/stm32f1xx_hal.o
LOAD ./Drivers/STM32F1xx_HAL_Driver/Src/stm32f1xx_hal_adc.o
LOAD ./Drivers/STM32F1xx_HAL_Driver/Src/stm32f1xx_hal_adc_ex.o
LOAD ./Drivers/STM32F1xx_HAL_Driver/Src/stm32f1xx_hal_cortex.o
LOAD ./Drivers/STM32F1xx_HAL_Driver/Src/stm32f1xx_hal_dma.o
LOAD ./Drivers/STM32F1xx_HAL_Driver/Src/stm32f1xx_hal_exti.o
LOAD ./Drivers/STM32F1xx_HAL_Driver/Src/stm32f1xx_hal_flash.o
LOAD ./Drivers/STM32F1xx_HAL_Driver/Src/stm32f1xx_hal_flash_ex.o
LOAD ./Drivers/STM32F1xx_HAL_Driver/Src/stm32f1xx_hal_gpio.o
LOAD ./Drivers/STM32F1xx_HAL_Driver/Src/stm32f1xx_hal_gpio_ex.o
LOAD ./Drivers/STM32F1xx_HAL_Driver/Src/stm32f1xx_hal_pwr.o
LOAD ./Drivers/STM32F1xx_HAL_Driver/Src/stm32f1xx_hal_rcc.o
LOAD ./Drivers/STM32F1xx_HAL_Driver/Src/stm32f1xx_hal_rcc_ex.o
LOAD ./Drivers/STM32F1xx_HAL_Driver/Src/stm32f1xx_hal_tim.o
LOAD ./Drivers/STM32F1xx_HAL_Driver/Src/stm32f1xx_hal_tim_ex.o
LOAD ./Drivers/STM32F1xx_HAL_Driver/Src/stm32f1xx_hal_uart.o
START GROUP
LOAD c:/st/stm32cubeide_1.7.0/stm32cubeide/plugins/com.st.stm32cube.ide.mcu.externaltools.gnu-tools-for-stm32.9-2020-q2-update.win32_2.0.0.202105311346/tools/bin/../lib/gcc/arm-none-eabi/9.3.1/../../../../arm-none-eabi/lib/thumb/v7-m/nofp\libc_nano.a
LOAD c:/st/stm32cubeide_1.7.0/stm32cubeide/plugins/com.st.stm32cube.ide.mcu.externaltools.gnu-tools-for-stm32.9-2020-q2-update.win32_2.0.0.202105311346/tools/bin/../lib/gcc/arm-none-eabi/9.3.1/../../../../arm-none-eabi/lib/thumb/v7-m/nofp\libm.a
END GROUP
START GROUP
LOAD c:/st/stm32cubeide_1.7.0/stm32cubeide/plugins/com.st.stm32cube.ide.mcu.externaltools.gnu-tools-for-stm32.9-2020-q2-update.win32_2.0.0.202105311346/tools/bin/../lib/gcc/arm-none-eabi/9.3.1/thumb/v7-m/nofp\libgcc.a
LOAD c:/st/stm32cubeide_1.7.0/stm32cubeide/plugins/com.st.stm32cube.ide.mcu.externaltools.gnu-tools-for-stm32.9-2020-q2-update.win32_2.0.0.202105311346/tools/bin/../lib/gcc/arm-none-eabi/9.3.1/../../../../arm-none-eabi/lib/thumb/v7-m/nofp\libc_nano.a
END GROUP
START GROUP
LOAD c:/st/stm32cubeide_1.7.0/stm32cubeide/plugins/com.st.stm32cube.ide.mcu.externaltools.gnu-tools-for-stm32.9-2020-q2-update.win32_2.0.0.202105311346/tools/bin/../lib/gcc/arm-none-eabi/9.3.1/thumb/v7-m/nofp\libgcc.a
LOAD c:/st/stm32cubeide_1.7.0/stm32cubeide/plugins/com.st.stm32cube.ide.mcu.externaltools.gnu-tools-for-stm32.9-2020-q2-update.win32_2.0.0.202105311346/tools/bin/../lib/gcc/arm-none-eabi/9.3.1/../../../../arm-none-eabi/lib/thumb/v7-m/nofp\libc_nano.a
LOAD c:/st/stm32cubeide_1.7.0/stm32cubeide/plugins/com.st.stm32cube.ide.mcu.externaltools.gnu-tools-for-stm32.9-2020-q2-update.win32_2.0.0.202105311346/tools/bin/../lib/gcc/arm-none-eabi/9.3.1/../../../../arm-none-eabi/lib/thumb/v7-m/nofp\libnosys.a
END GROUP
START GROUP
LOAD c:/st/stm32cubeide_1.7.0/stm32cubeide/plugins/com.st.stm32cube.ide.mcu.externaltools.gnu-tools-for-stm32.9-2020-q2-update.win32_2.0.0.202105311346/tools/bin/../lib/gcc/arm-none-eabi/9.3.1/thumb/v7-m/nofp\libgcc.a
LOAD c:/st/stm32cubeide_1.7.0/stm32cubeide/plugins/com.st.stm32cube.ide.mcu.externaltools.gnu-tools-for-stm32.9-2020-q2-update.win32_2.0.0.202105311346/tools/bin/../lib/gcc/arm-none-eabi/9.3.1/../../../../arm-none-eabi/lib/thumb/v7-m/nofp\libc_nano.a
LOAD c:/st/stm32cubeide_1.7.0/stm32cubeide/plugins/com.st.stm32cube.ide.mcu.externaltools.gnu-tools-for-stm32.9-2020-q2-update.win32_2.0.0.202105311346/tools/bin/../lib/gcc/arm-none-eabi/9.3.1/../../../../arm-none-eabi/lib/thumb/v7-m/nofp\libnosys.a
END GROUP
LOAD c:/st/stm32cubeide_1.7.0/stm32cubeide/plugins/com.st.stm32cube.ide.mcu.externaltools.gnu-tools-for-stm32.9-2020-q2-update.win32_2.0.0.202105311346/tools/bin/../lib/gcc/arm-none-eabi/9.3.1/thumb/v7-m/nofp/crtend.o
LOAD c:/st/stm32cubeide_1.7.0/stm32cubeide/plugins/com.st.stm32cube.ide.mcu.externaltools.gnu-tools-for-stm32.9-2020-q2-update.win32_2.0.0.202105311346/tools/bin/../lib/gcc/arm-none-eabi/9.3.1/thumb/v7-m/nofp/crtn.o
                0x0000000020002800                _estack = (ORIGIN (RAM) + LENGTH (RAM))
                0x0000000000000200                _Min_Heap_Size = 0x200
                0x0000000000000400                _Min_Stack_Size = 0x400

.isr_vector     0x0000000008000000      0x10c
                0x0000000008000000                . = ALIGN (0x4)
 *(.isr_vector)
 .isr_vector    0x0000000008000000      0x10c ./Core/Startup/startup_stm32f103c6ux.o
                0x0000000008000000                g_pfnVectors
                0x000000000800010c                . = ALIGN (0x4)

.text           0x000000000800010c     0x3dd4
                0x000000000800010c                . = ALIGN (0x4)
 *(.text)
 .text          0x000000000800010c       0x40 c:/st/stm32cubeide_1.7.0/stm32cubeide/plugins/com.st.stm32cube.ide.mcu.externaltools.gnu-tools-for-stm32.9-2020-q2-update.win32_2.0.0.202105311346/tools/bin/../lib/gcc/arm-none-eabi/9.3.1/thumb/v7-m/nofp/crtbegin.o
 *(.text*)
 .text.check_RST
                0x000000000800014c       0x34 ./Core/Src/command_parser_fsm.o
                0x000000000800014c                check_RST
 .text.check_OK
                0x0000000008000180       0x2a ./Core/Src/command_parser_fsm.o
                0x0000000008000180                check_OK
 *fill*         0x00000000080001aa        0x2 
 .text.command_parser_fsm
                0x00000000080001ac       0xbc ./Core/Src/command_parser_fsm.o
                0x00000000080001ac                command_parser_fsm
 .text.HAL_UART_RxCpltCallback
                0x0000000008000268       0x74 ./Core/Src/main.o
                0x0000000008000268                HAL_UART_RxCpltCallback
 .text.main     0x00000000080002dc       0x80 ./Core/Src/main.o
                0x00000000080002dc                main
 .text.SystemClock_Config
                0x000000000800035c       0xa0 ./Core/Src/main.o
                0x000000000800035c                SystemClock_Config
 .text.MX_ADC1_Init
                0x00000000080003fc       0x7c ./Core/Src/main.o
 .text.MX_TIM2_Init
                0x0000000008000478       0x98 ./Core/Src/main.o
 .text.MX_USART2_UART_Init
                0x0000000008000510       0x54 ./Core/Src/main.o
 .text.MX_GPIO_Init
                0x0000000008000564       0x7c ./Core/Src/main.o
 .text.Error_Handler
                0x00000000080005e0        0xa ./Core/Src/main.o
                0x00000000080005e0                Error_Handler
 *fill*         0x00000000080005ea        0x2 
 .text.HAL_MspInit
                0x00000000080005ec       0x64 ./Core/Src/stm32f1xx_hal_msp.o
                0x00000000080005ec                HAL_MspInit
 .text.HAL_ADC_MspInit
                0x0000000008000650       0x78 ./Core/Src/stm32f1xx_hal_msp.o
                0x0000000008000650                HAL_ADC_MspInit
 .text.HAL_TIM_Base_MspInit
                0x00000000080006c8       0x48 ./Core/Src/stm32f1xx_hal_msp.o
                0x00000000080006c8                HAL_TIM_Base_MspInit
 .text.HAL_UART_MspInit
                0x0000000008000710       0xa4 ./Core/Src/stm32f1xx_hal_msp.o
                0x0000000008000710                HAL_UART_MspInit
 .text.NMI_Handler
                0x00000000080007b4        0x6 ./Core/Src/stm32f1xx_it.o
                0x00000000080007b4                NMI_Handler
 .text.HardFault_Handler
                0x00000000080007ba        0x6 ./Core/Src/stm32f1xx_it.o
                0x00000000080007ba                HardFault_Handler
 .text.MemManage_Handler
                0x00000000080007c0        0x6 ./Core/Src/stm32f1xx_it.o
                0x00000000080007c0                MemManage_Handler
 .text.BusFault_Handler
                0x00000000080007c6        0x6 ./Core/Src/stm32f1xx_it.o
                0x00000000080007c6                BusFault_Handler
 .text.UsageFault_Handler
                0x00000000080007cc        0x6 ./Core/Src/stm32f1xx_it.o
                0x00000000080007cc                UsageFault_Handler
 .text.SVC_Handler
                0x00000000080007d2        0xc ./Core/Src/stm32f1xx_it.o
                0x00000000080007d2                SVC_Handler
 .text.DebugMon_Handler
                0x00000000080007de        0xc ./Core/Src/stm32f1xx_it.o
                0x00000000080007de                DebugMon_Handler
 .text.PendSV_Handler
                0x00000000080007ea        0xc ./Core/Src/stm32f1xx_it.o
                0x00000000080007ea                PendSV_Handler
 .text.SysTick_Handler
                0x00000000080007f6        0xc ./Core/Src/stm32f1xx_it.o
                0x00000000080007f6                SysTick_Handler
 *fill*         0x0000000008000802        0x2 
 .text.TIM2_IRQHandler
                0x0000000008000804       0x14 ./Core/Src/stm32f1xx_it.o
                0x0000000008000804                TIM2_IRQHandler
 .text.USART2_IRQHandler
                0x0000000008000818       0x14 ./Core/Src/stm32f1xx_it.o
                0x0000000008000818                USART2_IRQHandler
 .text._sbrk    0x000000000800082c       0x6c ./Core/Src/sysmem.o
                0x000000000800082c                _sbrk
 .text.SystemInit
                0x0000000008000898        0xc ./Core/Src/system_stm32f1xx.o
                0x0000000008000898                SystemInit
 .text.HAL_TIM_PeriodElapsedCallback
                0x00000000080008a4       0x14 ./Core/Src/timer.o
                0x00000000080008a4                HAL_TIM_PeriodElapsedCallback
 .text.setTimer1
                0x00000000080008b8       0x38 ./Core/Src/timer.o
                0x00000000080008b8                setTimer1
 .text.setTimer2
                0x00000000080008f0       0x38 ./Core/Src/timer.o
                0x00000000080008f0                setTimer2
 .text.timer_run
                0x0000000008000928       0x5c ./Core/Src/timer.o
                0x0000000008000928                timer_run
 .text.uart_communication_fsm
                0x0000000008000984       0x8c ./Core/Src/uart_communication_fsm.o
                0x0000000008000984                uart_communication_fsm
 .text.Reset_Handler
                0x0000000008000a10       0x48 ./Core/Startup/startup_stm32f103c6ux.o
                0x0000000008000a10                Reset_Handler
 .text.Default_Handler
                0x0000000008000a58        0x2 ./Core/Startup/startup_stm32f103c6ux.o
                0x0000000008000a58                RTC_Alarm_IRQHandler
                0x0000000008000a58                EXTI2_IRQHandler
                0x0000000008000a58                TIM1_CC_IRQHandler
                0x0000000008000a58                PVD_IRQHandler
                0x0000000008000a58                EXTI3_IRQHandler
                0x0000000008000a58                EXTI0_IRQHandler
                0x0000000008000a58                ADC1_2_IRQHandler
                0x0000000008000a58                SPI1_IRQHandler
                0x0000000008000a58                TAMPER_IRQHandler
                0x0000000008000a58                DMA1_Channel4_IRQHandler
                0x0000000008000a58                RTC_IRQHandler
                0x0000000008000a58                DMA1_Channel7_IRQHandler
                0x0000000008000a58                CAN1_RX1_IRQHandler
                0x0000000008000a58                I2C1_EV_IRQHandler
                0x0000000008000a58                DMA1_Channel6_IRQHandler
                0x0000000008000a58                TIM3_IRQHandler
                0x0000000008000a58                RCC_IRQHandler
                0x0000000008000a58                TIM1_TRG_COM_IRQHandler
                0x0000000008000a58                DMA1_Channel1_IRQHandler
                0x0000000008000a58                Default_Handler
                0x0000000008000a58                EXTI15_10_IRQHandler
                0x0000000008000a58                EXTI9_5_IRQHandler
                0x0000000008000a58                DMA1_Channel5_IRQHandler
                0x0000000008000a58                EXTI4_IRQHandler
                0x0000000008000a58                USB_LP_CAN1_RX0_IRQHandler
                0x0000000008000a58                USB_HP_CAN1_TX_IRQHandler
                0x0000000008000a58                DMA1_Channel3_IRQHandler
                0x0000000008000a58                TIM1_UP_IRQHandler
                0x0000000008000a58                WWDG_IRQHandler
                0x0000000008000a58                TIM1_BRK_IRQHandler
                0x0000000008000a58                EXTI1_IRQHandler
                0x0000000008000a58                DMA1_Channel2_IRQHandler
                0x0000000008000a58                CAN1_SCE_IRQHandler
                0x0000000008000a58                FLASH_IRQHandler
                0x0000000008000a58                USART1_IRQHandler
                0x0000000008000a58                I2C1_ER_IRQHandler
                0x0000000008000a58                USBWakeUp_IRQHandler
 *fill*         0x0000000008000a5a        0x2 
 .text.HAL_Init
                0x0000000008000a5c       0x2c ./Drivers/STM32F1xx_HAL_Driver/Src/stm32f1xx_hal.o
                0x0000000008000a5c                HAL_Init
 .text.HAL_InitTick
                0x0000000008000a88       0x60 ./Drivers/STM32F1xx_HAL_Driver/Src/stm32f1xx_hal.o
                0x0000000008000a88                HAL_InitTick
 .text.HAL_IncTick
                0x0000000008000ae8       0x24 ./Drivers/STM32F1xx_HAL_Driver/Src/stm32f1xx_hal.o
                0x0000000008000ae8                HAL_IncTick
 .text.HAL_GetTick
                0x0000000008000b0c       0x14 ./Drivers/STM32F1xx_HAL_Driver/Src/stm32f1xx_hal.o
                0x0000000008000b0c                HAL_GetTick
 .text.HAL_ADC_Init
                0x0000000008000b20      0x1b0 ./Drivers/STM32F1xx_HAL_Driver/Src/stm32f1xx_hal_adc.o
                0x0000000008000b20                HAL_ADC_Init
 .text.HAL_ADC_Start
                0x0000000008000cd0      0x15c ./Drivers/STM32F1xx_HAL_Driver/Src/stm32f1xx_hal_adc.o
                0x0000000008000cd0                HAL_ADC_Start
 .text.HAL_ADC_GetValue
                0x0000000008000e2c       0x18 ./Drivers/STM32F1xx_HAL_Driver/Src/stm32f1xx_hal_adc.o
                0x0000000008000e2c                HAL_ADC_GetValue
 .text.HAL_ADC_ConfigChannel
                0x0000000008000e44      0x1f0 ./Drivers/STM32F1xx_HAL_Driver/Src/stm32f1xx_hal_adc.o
                0x0000000008000e44                HAL_ADC_ConfigChannel
 .text.ADC_Enable
                0x0000000008001034       0xb4 ./Drivers/STM32F1xx_HAL_Driver/Src/stm32f1xx_hal_adc.o
                0x0000000008001034                ADC_Enable
 .text.ADC_ConversionStop_Disable
                0x00000000080010e8       0x82 ./Drivers/STM32F1xx_HAL_Driver/Src/stm32f1xx_hal_adc.o
                0x00000000080010e8                ADC_ConversionStop_Disable
 *fill*         0x000000000800116a        0x2 
 .text.__NVIC_SetPriorityGrouping
                0x000000000800116c       0x48 ./Drivers/STM32F1xx_HAL_Driver/Src/stm32f1xx_hal_cortex.o
 .text.__NVIC_GetPriorityGrouping
                0x00000000080011b4       0x1c ./Drivers/STM32F1xx_HAL_Driver/Src/stm32f1xx_hal_cortex.o
 .text.__NVIC_EnableIRQ
                0x00000000080011d0       0x38 ./Drivers/STM32F1xx_HAL_Driver/Src/stm32f1xx_hal_cortex.o
 .text.__NVIC_SetPriority
                0x0000000008001208       0x54 ./Drivers/STM32F1xx_HAL_Driver/Src/stm32f1xx_hal_cortex.o
 .text.NVIC_EncodePriority
                0x000000000800125c       0x64 ./Drivers/STM32F1xx_HAL_Driver/Src/stm32f1xx_hal_cortex.o
 .text.SysTick_Config
                0x00000000080012c0       0x44 ./Drivers/STM32F1xx_HAL_Driver/Src/stm32f1xx_hal_cortex.o
 .text.HAL_NVIC_SetPriorityGrouping
                0x0000000008001304       0x16 ./Drivers/STM32F1xx_HAL_Driver/Src/stm32f1xx_hal_cortex.o
                0x0000000008001304                HAL_NVIC_SetPriorityGrouping
 .text.HAL_NVIC_SetPriority
                0x000000000800131a       0x38 ./Drivers/STM32F1xx_HAL_Driver/Src/stm32f1xx_hal_cortex.o
                0x000000000800131a                HAL_NVIC_SetPriority
 .text.HAL_NVIC_EnableIRQ
                0x0000000008001352       0x1c ./Drivers/STM32F1xx_HAL_Driver/Src/stm32f1xx_hal_cortex.o
                0x0000000008001352                HAL_NVIC_EnableIRQ
 .text.HAL_SYSTICK_Config
                0x000000000800136e       0x18 ./Drivers/STM32F1xx_HAL_Driver/Src/stm32f1xx_hal_cortex.o
                0x000000000800136e                HAL_SYSTICK_Config
 .text.HAL_DMA_Abort
                0x0000000008001386       0x76 ./Drivers/STM32F1xx_HAL_Driver/Src/stm32f1xx_hal_dma.o
                0x0000000008001386                HAL_DMA_Abort
 .text.HAL_DMA_Abort_IT
                0x00000000080013fc       0xf0 ./Drivers/STM32F1xx_HAL_Driver/Src/stm32f1xx_hal_dma.o
                0x00000000080013fc                HAL_DMA_Abort_IT
 .text.HAL_GPIO_Init
                0x00000000080014ec      0x2f4 ./Drivers/STM32F1xx_HAL_Driver/Src/stm32f1xx_hal_gpio.o
                0x00000000080014ec                HAL_GPIO_Init
 .text.HAL_GPIO_WritePin
                0x00000000080017e0       0x30 ./Drivers/STM32F1xx_HAL_Driver/Src/stm32f1xx_hal_gpio.o
                0x00000000080017e0                HAL_GPIO_WritePin
 .text.HAL_GPIO_TogglePin
                0x0000000008001810       0x32 ./Drivers/STM32F1xx_HAL_Driver/Src/stm32f1xx_hal_gpio.o
                0x0000000008001810                HAL_GPIO_TogglePin
 *fill*         0x0000000008001842        0x2 
 .text.HAL_RCC_OscConfig
                0x0000000008001844      0x500 ./Drivers/STM32F1xx_HAL_Driver/Src/stm32f1xx_hal_rcc.o
                0x0000000008001844                HAL_RCC_OscConfig
 .text.HAL_RCC_ClockConfig
                0x0000000008001d44      0x1d4 ./Drivers/STM32F1xx_HAL_Driver/Src/stm32f1xx_hal_rcc.o
                0x0000000008001d44                HAL_RCC_ClockConfig
 .text.HAL_RCC_GetSysClockFreq
                0x0000000008001f18       0xa8 ./Drivers/STM32F1xx_HAL_Driver/Src/stm32f1xx_hal_rcc.o
                0x0000000008001f18                HAL_RCC_GetSysClockFreq
 .text.HAL_RCC_GetHCLKFreq
                0x0000000008001fc0       0x14 ./Drivers/STM32F1xx_HAL_Driver/Src/stm32f1xx_hal_rcc.o
                0x0000000008001fc0                HAL_RCC_GetHCLKFreq
 .text.HAL_RCC_GetPCLK1Freq
                0x0000000008001fd4       0x28 ./Drivers/STM32F1xx_HAL_Driver/Src/stm32f1xx_hal_rcc.o
                0x0000000008001fd4                HAL_RCC_GetPCLK1Freq
 .text.HAL_RCC_GetPCLK2Freq
                0x0000000008001ffc       0x28 ./Drivers/STM32F1xx_HAL_Driver/Src/stm32f1xx_hal_rcc.o
                0x0000000008001ffc                HAL_RCC_GetPCLK2Freq
 .text.RCC_Delay
                0x0000000008002024       0x3c ./Drivers/STM32F1xx_HAL_Driver/Src/stm32f1xx_hal_rcc.o
 .text.HAL_RCCEx_PeriphCLKConfig
                0x0000000008002060      0x16c ./Drivers/STM32F1xx_HAL_Driver/Src/stm32f1xx_hal_rcc_ex.o
                0x0000000008002060                HAL_RCCEx_PeriphCLKConfig
 .text.HAL_TIM_Base_Init
                0x00000000080021cc       0x9e ./Drivers/STM32F1xx_HAL_Driver/Src/stm32f1xx_hal_tim.o
                0x00000000080021cc                HAL_TIM_Base_Init
 .text.HAL_TIM_IRQHandler
                0x000000000800226a      0x210 ./Drivers/STM32F1xx_HAL_Driver/Src/stm32f1xx_hal_tim.o
                0x000000000800226a                HAL_TIM_IRQHandler
 .text.HAL_TIM_ConfigClockSource
                0x000000000800247a      0x18e ./Drivers/STM32F1xx_HAL_Driver/Src/stm32f1xx_hal_tim.o
                0x000000000800247a                HAL_TIM_ConfigClockSource
 .text.HAL_TIM_OC_DelayElapsedCallback
                0x0000000008002608       0x12 ./Drivers/STM32F1xx_HAL_Driver/Src/stm32f1xx_hal_tim.o
                0x0000000008002608                HAL_TIM_OC_DelayElapsedCallback
 .text.HAL_TIM_IC_CaptureCallback
                0x000000000800261a       0x12 ./Drivers/STM32F1xx_HAL_Driver/Src/stm32f1xx_hal_tim.o
                0x000000000800261a                HAL_TIM_IC_CaptureCallback
 .text.HAL_TIM_PWM_PulseFinishedCallback
                0x000000000800262c       0x12 ./Drivers/STM32F1xx_HAL_Driver/Src/stm32f1xx_hal_tim.o
                0x000000000800262c                HAL_TIM_PWM_PulseFinishedCallback
 .text.HAL_TIM_TriggerCallback
                0x000000000800263e       0x12 ./Drivers/STM32F1xx_HAL_Driver/Src/stm32f1xx_hal_tim.o
                0x000000000800263e                HAL_TIM_TriggerCallback
 .text.TIM_Base_SetConfig
                0x0000000008002650       0xb0 ./Drivers/STM32F1xx_HAL_Driver/Src/stm32f1xx_hal_tim.o
                0x0000000008002650                TIM_Base_SetConfig
 .text.TIM_TI1_ConfigInputStage
                0x0000000008002700       0x5c ./Drivers/STM32F1xx_HAL_Driver/Src/stm32f1xx_hal_tim.o
 .text.TIM_TI2_ConfigInputStage
                0x000000000800275c       0x5e ./Drivers/STM32F1xx_HAL_Driver/Src/stm32f1xx_hal_tim.o
 .text.TIM_ITRx_SetConfig
                0x00000000080027ba       0x34 ./Drivers/STM32F1xx_HAL_Driver/Src/stm32f1xx_hal_tim.o
 .text.TIM_ETR_SetConfig
                0x00000000080027ee       0x3e ./Drivers/STM32F1xx_HAL_Driver/Src/stm32f1xx_hal_tim.o
                0x00000000080027ee                TIM_ETR_SetConfig
 .text.HAL_TIMEx_MasterConfigSynchronization
                0x000000000800282c       0xb0 ./Drivers/STM32F1xx_HAL_Driver/Src/stm32f1xx_hal_tim_ex.o
                0x000000000800282c                HAL_TIMEx_MasterConfigSynchronization
 .text.HAL_TIMEx_CommutCallback
                0x00000000080028dc       0x12 ./Drivers/STM32F1xx_HAL_Driver/Src/stm32f1xx_hal_tim_ex.o
                0x00000000080028dc                HAL_TIMEx_CommutCallback
 .text.HAL_TIMEx_BreakCallback
                0x00000000080028ee       0x12 ./Drivers/STM32F1xx_HAL_Driver/Src/stm32f1xx_hal_tim_ex.o
                0x00000000080028ee                HAL_TIMEx_BreakCallback
 .text.HAL_UART_Init
                0x0000000008002900       0xa0 ./Drivers/STM32F1xx_HAL_Driver/Src/stm32f1xx_hal_uart.o
                0x0000000008002900                HAL_UART_Init
 .text.HAL_UART_Transmit
                0x00000000080029a0      0x106 ./Drivers/STM32F1xx_HAL_Driver/Src/stm32f1xx_hal_uart.o
                0x00000000080029a0                HAL_UART_Transmit
 .text.HAL_UART_Receive_IT
                0x0000000008002aa6       0x4a ./Drivers/STM32F1xx_HAL_Driver/Src/stm32f1xx_hal_uart.o
                0x0000000008002aa6                HAL_UART_Receive_IT
 .text.HAL_UART_IRQHandler
                0x0000000008002af0      0x524 ./Drivers/STM32F1xx_HAL_Driver/Src/stm32f1xx_hal_uart.o
                0x0000000008002af0                HAL_UART_IRQHandler
 .text.HAL_UART_TxCpltCallback
                0x0000000008003014       0x12 ./Drivers/STM32F1xx_HAL_Driver/Src/stm32f1xx_hal_uart.o
                0x0000000008003014                HAL_UART_TxCpltCallback
 .text.HAL_UART_ErrorCallback
                0x0000000008003026       0x12 ./Drivers/STM32F1xx_HAL_Driver/Src/stm32f1xx_hal_uart.o
                0x0000000008003026                HAL_UART_ErrorCallback
 .text.HAL_UARTEx_RxEventCallback
                0x0000000008003038       0x16 ./Drivers/STM32F1xx_HAL_Driver/Src/stm32f1xx_hal_uart.o
                0x0000000008003038                HAL_UARTEx_RxEventCallback
 .text.UART_WaitOnFlagUntilTimeout
                0x000000000800304e       0xdc ./Drivers/STM32F1xx_HAL_Driver/Src/stm32f1xx_hal_uart.o
 .text.UART_Start_Receive_IT
                0x000000000800312a       0x72 ./Drivers/STM32F1xx_HAL_Driver/Src/stm32f1xx_hal_uart.o
                0x000000000800312a                UART_Start_Receive_IT
 .text.UART_EndRxTransfer
                0x000000000800319c       0xc4 ./Drivers/STM32F1xx_HAL_Driver/Src/stm32f1xx_hal_uart.o
 .text.UART_DMAAbortOnError
                0x0000000008003260       0x28 ./Drivers/STM32F1xx_HAL_Driver/Src/stm32f1xx_hal_uart.o
 .text.UART_Transmit_IT
                0x0000000008003288       0x9e ./Drivers/STM32F1xx_HAL_Driver/Src/stm32f1xx_hal_uart.o
 .text.UART_EndTransmit_IT
                0x0000000008003326       0x30 ./Drivers/STM32F1xx_HAL_Driver/Src/stm32f1xx_hal_uart.o
 .text.UART_Receive_IT
                0x0000000008003356      0x17c ./Drivers/STM32F1xx_HAL_Driver/Src/stm32f1xx_hal_uart.o
 *fill*         0x00000000080034d2        0x2 
 .text.UART_SetConfig
                0x00000000080034d4      0x11c ./Drivers/STM32F1xx_HAL_Driver/Src/stm32f1xx_hal_uart.o
 .text.__errno  0x00000000080035f0        0xc c:/st/stm32cubeide_1.7.0/stm32cubeide/plugins/com.st.stm32cube.ide.mcu.externaltools.gnu-tools-for-stm32.9-2020-q2-update.win32_2.0.0.202105311346/tools/bin/../lib/gcc/arm-none-eabi/9.3.1/../../../../arm-none-eabi/lib/thumb/v7-m/nofp\libc_nano.a(lib_a-errno.o)
                0x00000000080035f0                __errno
 .text.__libc_init_array
                0x00000000080035fc       0x48 c:/st/stm32cubeide_1.7.0/stm32cubeide/plugins/com.st.stm32cube.ide.mcu.externaltools.gnu-tools-for-stm32.9-2020-q2-update.win32_2.0.0.202105311346/tools/bin/../lib/gcc/arm-none-eabi/9.3.1/../../../../arm-none-eabi/lib/thumb/v7-m/nofp\libc_nano.a(lib_a-init.o)
                0x00000000080035fc                __libc_init_array
 .text.memset   0x0000000008003644       0x10 c:/st/stm32cubeide_1.7.0/stm32cubeide/plugins/com.st.stm32cube.ide.mcu.externaltools.gnu-tools-for-stm32.9-2020-q2-update.win32_2.0.0.202105311346/tools/bin/../lib/gcc/arm-none-eabi/9.3.1/../../../../arm-none-eabi/lib/thumb/v7-m/nofp\libc_nano.a(lib_a-memset.o)
                0x0000000008003644                memset
 .text.sprintf  0x0000000008003654       0x40 c:/st/stm32cubeide_1.7.0/stm32cubeide/plugins/com.st.stm32cube.ide.mcu.externaltools.gnu-tools-for-stm32.9-2020-q2-update.win32_2.0.0.202105311346/tools/bin/../lib/gcc/arm-none-eabi/9.3.1/../../../../arm-none-eabi/lib/thumb/v7-m/nofp\libc_nano.a(lib_a-sprintf.o)
                0x0000000008003654                siprintf
                0x0000000008003654                sprintf
 .text.__ssputs_r
                0x0000000008003694       0xb6 c:/st/stm32cubeide_1.7.0/stm32cubeide/plugins/com.st.stm32cube.ide.mcu.externaltools.gnu-tools-for-stm32.9-2020-q2-update.win32_2.0.0.202105311346/tools/bin/../lib/gcc/arm-none-eabi/9.3.1/../../../../arm-none-eabi/lib/thumb/v7-m/nofp\libc_nano.a(lib_a-nano-svfprintf.o)
                0x0000000008003694                __ssputs_r
 *fill*         0x000000000800374a        0x2 
 .text._svfprintf_r
                0x000000000800374c      0x200 c:/st/stm32cubeide_1.7.0/stm32cubeide/plugins/com.st.stm32cube.ide.mcu.externaltools.gnu-tools-for-stm32.9-2020-q2-update.win32_2.0.0.202105311346/tools/bin/../lib/gcc/arm-none-eabi/9.3.1/../../../../arm-none-eabi/lib/thumb/v7-m/nofp\libc_nano.a(lib_a-nano-svfprintf.o)
                0x000000000800374c                _svfiprintf_r
                0x000000000800374c                _svfprintf_r
 .text._printf_common
                0x000000000800394c       0xde c:/st/stm32cubeide_1.7.0/stm32cubeide/plugins/com.st.stm32cube.ide.mcu.externaltools.gnu-tools-for-stm32.9-2020-q2-update.win32_2.0.0.202105311346/tools/bin/../lib/gcc/arm-none-eabi/9.3.1/../../../../arm-none-eabi/lib/thumb/v7-m/nofp\libc_nano.a(lib_a-nano-vfprintf_i.o)
                0x000000000800394c                _printf_common
 *fill*         0x0000000008003a2a        0x2 
 .text._printf_i
                0x0000000008003a2c      0x24c c:/st/stm32cubeide_1.7.0/stm32cubeide/plugins/com.st.stm32cube.ide.mcu.externaltools.gnu-tools-for-stm32.9-2020-q2-update.win32_2.0.0.202105311346/tools/bin/../lib/gcc/arm-none-eabi/9.3.1/../../../../arm-none-eabi/lib/thumb/v7-m/nofp\libc_nano.a(lib_a-nano-vfprintf_i.o)
                0x0000000008003a2c                _printf_i
 .text.memchr   0x0000000008003c78       0x1c c:/st/stm32cubeide_1.7.0/stm32cubeide/plugins/com.st.stm32cube.ide.mcu.externaltools.gnu-tools-for-stm32.9-2020-q2-update.win32_2.0.0.202105311346/tools/bin/../lib/gcc/arm-none-eabi/9.3.1/../../../../arm-none-eabi/lib/thumb/v7-m/nofp\libc_nano.a(lib_a-memchr-stub.o)
                0x0000000008003c78                memchr
 .text.memcpy   0x0000000008003c94       0x1c c:/st/stm32cubeide_1.7.0/stm32cubeide/plugins/com.st.stm32cube.ide.mcu.externaltools.gnu-tools-for-stm32.9-2020-q2-update.win32_2.0.0.202105311346/tools/bin/../lib/gcc/arm-none-eabi/9.3.1/../../../../arm-none-eabi/lib/thumb/v7-m/nofp\libc_nano.a(lib_a-memcpy-stub.o)
                0x0000000008003c94                memcpy
 .text.memmove  0x0000000008003cb0       0x34 c:/st/stm32cubeide_1.7.0/stm32cubeide/plugins/com.st.stm32cube.ide.mcu.externaltools.gnu-tools-for-stm32.9-2020-q2-update.win32_2.0.0.202105311346/tools/bin/../lib/gcc/arm-none-eabi/9.3.1/../../../../arm-none-eabi/lib/thumb/v7-m/nofp\libc_nano.a(lib_a-memmove.o)
                0x0000000008003cb0                memmove
 .text._free_r  0x0000000008003ce4       0x98 c:/st/stm32cubeide_1.7.0/stm32cubeide/plugins/com.st.stm32cube.ide.mcu.externaltools.gnu-tools-for-stm32.9-2020-q2-update.win32_2.0.0.202105311346/tools/bin/../lib/gcc/arm-none-eabi/9.3.1/../../../../arm-none-eabi/lib/thumb/v7-m/nofp\libc_nano.a(lib_a-nano-freer.o)
                0x0000000008003ce4                _free_r
 .text._malloc_r
                0x0000000008003d7c       0xb4 c:/st/stm32cubeide_1.7.0/stm32cubeide/plugins/com.st.stm32cube.ide.mcu.externaltools.gnu-tools-for-stm32.9-2020-q2-update.win32_2.0.0.202105311346/tools/bin/../lib/gcc/arm-none-eabi/9.3.1/../../../../arm-none-eabi/lib/thumb/v7-m/nofp\libc_nano.a(lib_a-nano-mallocr.o)
                0x0000000008003d7c                _malloc_r
 .text._realloc_r
                0x0000000008003e30       0x4c c:/st/stm32cubeide_1.7.0/stm32cubeide/plugins/com.st.stm32cube.ide.mcu.externaltools.gnu-tools-for-stm32.9-2020-q2-update.win32_2.0.0.202105311346/tools/bin/../lib/gcc/arm-none-eabi/9.3.1/../../../../arm-none-eabi/lib/thumb/v7-m/nofp\libc_nano.a(lib_a-nano-reallocr.o)
                0x0000000008003e30                _realloc_r
 .text._sbrk_r  0x0000000008003e7c       0x20 c:/st/stm32cubeide_1.7.0/stm32cubeide/plugins/com.st.stm32cube.ide.mcu.externaltools.gnu-tools-for-stm32.9-2020-q2-update.win32_2.0.0.202105311346/tools/bin/../lib/gcc/arm-none-eabi/9.3.1/../../../../arm-none-eabi/lib/thumb/v7-m/nofp\libc_nano.a(lib_a-sbrkr.o)
                0x0000000008003e7c                _sbrk_r
 .text.__malloc_lock
                0x0000000008003e9c        0xc c:/st/stm32cubeide_1.7.0/stm32cubeide/plugins/com.st.stm32cube.ide.mcu.externaltools.gnu-tools-for-stm32.9-2020-q2-update.win32_2.0.0.202105311346/tools/bin/../lib/gcc/arm-none-eabi/9.3.1/../../../../arm-none-eabi/lib/thumb/v7-m/nofp\libc_nano.a(lib_a-mlock.o)
                0x0000000008003e9c                __malloc_lock
 .text.__malloc_unlock
                0x0000000008003ea8        0xc c:/st/stm32cubeide_1.7.0/stm32cubeide/plugins/com.st.stm32cube.ide.mcu.externaltools.gnu-tools-for-stm32.9-2020-q2-update.win32_2.0.0.202105311346/tools/bin/../lib/gcc/arm-none-eabi/9.3.1/../../../../arm-none-eabi/lib/thumb/v7-m/nofp\libc_nano.a(lib_a-mlock.o)
                0x0000000008003ea8                __malloc_unlock
 .text._malloc_usable_size_r
                0x0000000008003eb4       0x10 c:/st/stm32cubeide_1.7.0/stm32cubeide/plugins/com.st.stm32cube.ide.mcu.externaltools.gnu-tools-for-stm32.9-2020-q2-update.win32_2.0.0.202105311346/tools/bin/../lib/gcc/arm-none-eabi/9.3.1/../../../../arm-none-eabi/lib/thumb/v7-m/nofp\libc_nano.a(lib_a-nano-msizer.o)
                0x0000000008003eb4                _malloc_usable_size_r
 .text.__retarget_lock_acquire_recursive
                0x0000000008003ec4        0x2 c:/st/stm32cubeide_1.7.0/stm32cubeide/plugins/com.st.stm32cube.ide.mcu.externaltools.gnu-tools-for-stm32.9-2020-q2-update.win32_2.0.0.202105311346/tools/bin/../lib/gcc/arm-none-eabi/9.3.1/../../../../arm-none-eabi/lib/thumb/v7-m/nofp\libc_nano.a(lib_a-lock.o)
                0x0000000008003ec4                __retarget_lock_acquire_recursive
 .text.__retarget_lock_release_recursive
                0x0000000008003ec6        0x2 c:/st/stm32cubeide_1.7.0/stm32cubeide/plugins/com.st.stm32cube.ide.mcu.externaltools.gnu-tools-for-stm32.9-2020-q2-update.win32_2.0.0.202105311346/tools/bin/../lib/gcc/arm-none-eabi/9.3.1/../../../../arm-none-eabi/lib/thumb/v7-m/nofp\libc_nano.a(lib_a-lock.o)
                0x0000000008003ec6                __retarget_lock_release_recursive
 *(.glue_7)
 .glue_7        0x0000000008003ec8        0x0 linker stubs
 *(.glue_7t)
 .glue_7t       0x0000000008003ec8        0x0 linker stubs
 *(.eh_frame)
 .eh_frame      0x0000000008003ec8        0x0 c:/st/stm32cubeide_1.7.0/stm32cubeide/plugins/com.st.stm32cube.ide.mcu.externaltools.gnu-tools-for-stm32.9-2020-q2-update.win32_2.0.0.202105311346/tools/bin/../lib/gcc/arm-none-eabi/9.3.1/thumb/v7-m/nofp/crtbegin.o
 *(.init)
 .init          0x0000000008003ec8        0x4 c:/st/stm32cubeide_1.7.0/stm32cubeide/plugins/com.st.stm32cube.ide.mcu.externaltools.gnu-tools-for-stm32.9-2020-q2-update.win32_2.0.0.202105311346/tools/bin/../lib/gcc/arm-none-eabi/9.3.1/thumb/v7-m/nofp/crti.o
                0x0000000008003ec8                _init
 .init          0x0000000008003ecc        0x8 c:/st/stm32cubeide_1.7.0/stm32cubeide/plugins/com.st.stm32cube.ide.mcu.externaltools.gnu-tools-for-stm32.9-2020-q2-update.win32_2.0.0.202105311346/tools/bin/../lib/gcc/arm-none-eabi/9.3.1/thumb/v7-m/nofp/crtn.o
 *(.fini)
 .fini          0x0000000008003ed4        0x4 c:/st/stm32cubeide_1.7.0/stm32cubeide/plugins/com.st.stm32cube.ide.mcu.externaltools.gnu-tools-for-stm32.9-2020-q2-update.win32_2.0.0.202105311346/tools/bin/../lib/gcc/arm-none-eabi/9.3.1/thumb/v7-m/nofp/crti.o
                0x0000000008003ed4                _fini
 .fini          0x0000000008003ed8        0x8 c:/st/stm32cubeide_1.7.0/stm32cubeide/plugins/com.st.stm32cube.ide.mcu.externaltools.gnu-tools-for-stm32.9-2020-q2-update.win32_2.0.0.202105311346/tools/bin/../lib/gcc/arm-none-eabi/9.3.1/thumb/v7-m/nofp/crtn.o
                0x0000000008003ee0                . = ALIGN (0x4)
                0x0000000008003ee0                _etext = .

.vfp11_veneer   0x0000000008003ee0        0x0
 .vfp11_veneer  0x0000000008003ee0        0x0 linker stubs

.v4_bx          0x0000000008003ee0        0x0
 .v4_bx         0x0000000008003ee0        0x0 linker stubs

.iplt           0x0000000008003ee0        0x0
 .iplt          0x0000000008003ee0        0x0 c:/st/stm32cubeide_1.7.0/stm32cubeide/plugins/com.st.stm32cube.ide.mcu.externaltools.gnu-tools-for-stm32.9-2020-q2-update.win32_2.0.0.202105311346/tools/bin/../lib/gcc/arm-none-eabi/9.3.1/thumb/v7-m/nofp/crtbegin.o

.rodata         0x0000000008003ee0       0x6c
                0x0000000008003ee0                . = ALIGN (0x4)
 *(.rodata)
 .rodata        0x0000000008003ee0        0xb ./Core/Src/uart_communication_fsm.o
 *(.rodata*)
 *fill*         0x0000000008003eeb        0x1 
 .rodata.AHBPrescTable
                0x0000000008003eec       0x10 ./Core/Src/system_stm32f1xx.o
                0x0000000008003eec                AHBPrescTable
 .rodata.APBPrescTable
                0x0000000008003efc        0x8 ./Core/Src/system_stm32f1xx.o
                0x0000000008003efc                APBPrescTable
 .rodata.aPLLMULFactorTable.6329
                0x0000000008003f04       0x10 ./Drivers/STM32F1xx_HAL_Driver/Src/stm32f1xx_hal_rcc.o
 .rodata.aPredivFactorTable.6330
                0x0000000008003f14        0x2 ./Drivers/STM32F1xx_HAL_Driver/Src/stm32f1xx_hal_rcc.o
 .rodata._svfprintf_r.str1.1
                0x0000000008003f16       0x11 c:/st/stm32cubeide_1.7.0/stm32cubeide/plugins/com.st.stm32cube.ide.mcu.externaltools.gnu-tools-for-stm32.9-2020-q2-update.win32_2.0.0.202105311346/tools/bin/../lib/gcc/arm-none-eabi/9.3.1/../../../../arm-none-eabi/lib/thumb/v7-m/nofp\libc_nano.a(lib_a-nano-svfprintf.o)
 .rodata._printf_i.str1.1
                0x0000000008003f27       0x22 c:/st/stm32cubeide_1.7.0/stm32cubeide/plugins/com.st.stm32cube.ide.mcu.externaltools.gnu-tools-for-stm32.9-2020-q2-update.win32_2.0.0.202105311346/tools/bin/../lib/gcc/arm-none-eabi/9.3.1/../../../../arm-none-eabi/lib/thumb/v7-m/nofp\libc_nano.a(lib_a-nano-vfprintf_i.o)
                0x0000000008003f4c                . = ALIGN (0x4)
 *fill*         0x0000000008003f49        0x3 

.rel.dyn        0x0000000008003f4c        0x0
 .rel.iplt      0x0000000008003f4c        0x0 c:/st/stm32cubeide_1.7.0/stm32cubeide/plugins/com.st.stm32cube.ide.mcu.externaltools.gnu-tools-for-stm32.9-2020-q2-update.win32_2.0.0.202105311346/tools/bin/../lib/gcc/arm-none-eabi/9.3.1/thumb/v7-m/nofp/crtbegin.o

.ARM.extab      0x0000000008003f4c        0x0
                0x0000000008003f4c                . = ALIGN (0x4)
 *(.ARM.extab* .gnu.linkonce.armextab.*)
                0x0000000008003f4c                . = ALIGN (0x4)

.ARM            0x0000000008003f4c        0x0
                0x0000000008003f4c                . = ALIGN (0x4)
                0x0000000008003f4c                __exidx_start = .
 *(.ARM.exidx*)
                0x0000000008003f4c                __exidx_end = .
                0x0000000008003f4c                . = ALIGN (0x4)

.preinit_array  0x0000000008003f4c        0x0
                0x0000000008003f4c                . = ALIGN (0x4)
                0x0000000008003f4c                PROVIDE (__preinit_array_start = .)
 *(.preinit_array*)
                0x0000000008003f4c                PROVIDE (__preinit_array_end = .)
                0x0000000008003f4c                . = ALIGN (0x4)

.init_array     0x0000000008003f4c        0x4
                0x0000000008003f4c                . = ALIGN (0x4)
                0x0000000008003f4c                PROVIDE (__init_array_start = .)
 *(SORT_BY_NAME(.init_array.*))
 *(.init_array*)
 .init_array    0x0000000008003f4c        0x4 c:/st/stm32cubeide_1.7.0/stm32cubeide/plugins/com.st.stm32cube.ide.mcu.externaltools.gnu-tools-for-stm32.9-2020-q2-update.win32_2.0.0.202105311346/tools/bin/../lib/gcc/arm-none-eabi/9.3.1/thumb/v7-m/nofp/crtbegin.o
                0x0000000008003f50                PROVIDE (__init_array_end = .)
                0x0000000008003f50                . = ALIGN (0x4)

.fini_array     0x0000000008003f50        0x4
                0x0000000008003f50                . = ALIGN (0x4)
                [!provide]                        PROVIDE (__fini_array_start = .)
 *(SORT_BY_NAME(.fini_array.*))
 *(.fini_array*)
 .fini_array    0x0000000008003f50        0x4 c:/st/stm32cubeide_1.7.0/stm32cubeide/plugins/com.st.stm32cube.ide.mcu.externaltools.gnu-tools-for-stm32.9-2020-q2-update.win32_2.0.0.202105311346/tools/bin/../lib/gcc/arm-none-eabi/9.3.1/thumb/v7-m/nofp/crtbegin.o
                [!provide]                        PROVIDE (__fini_array_end = .)
                0x0000000008003f54                . = ALIGN (0x4)
                0x0000000008003f54                _sidata = LOADADDR (.data)

.data           0x0000000020000000       0x70 load address 0x0000000008003f54
                0x0000000020000000                . = ALIGN (0x4)
                0x0000000020000000                _sdata = .
 *(.data)
 *(.data*)
 .data.SystemCoreClock
                0x0000000020000000        0x4 ./Core/Src/system_stm32f1xx.o
                0x0000000020000000                SystemCoreClock
 .data.uwTickPrio
                0x0000000020000004        0x4 ./Drivers/STM32F1xx_HAL_Driver/Src/stm32f1xx_hal.o
                0x0000000020000004                uwTickPrio
 .data.uwTickFreq
                0x0000000020000008        0x1 ./Drivers/STM32F1xx_HAL_Driver/Src/stm32f1xx_hal.o
                0x0000000020000008                uwTickFreq
 *fill*         0x0000000020000009        0x3 
 .data._impure_ptr
                0x000000002000000c        0x4 c:/st/stm32cubeide_1.7.0/stm32cubeide/plugins/com.st.stm32cube.ide.mcu.externaltools.gnu-tools-for-stm32.9-2020-q2-update.win32_2.0.0.202105311346/tools/bin/../lib/gcc/arm-none-eabi/9.3.1/../../../../arm-none-eabi/lib/thumb/v7-m/nofp\libc_nano.a(lib_a-impure.o)
                0x000000002000000c                _impure_ptr
 .data.impure_data
                0x0000000020000010       0x60 c:/st/stm32cubeide_1.7.0/stm32cubeide/plugins/com.st.stm32cube.ide.mcu.externaltools.gnu-tools-for-stm32.9-2020-q2-update.win32_2.0.0.202105311346/tools/bin/../lib/gcc/arm-none-eabi/9.3.1/../../../../arm-none-eabi/lib/thumb/v7-m/nofp\libc_nano.a(lib_a-impure.o)
 *(.RamFunc)
 *(.RamFunc*)
                0x0000000020000070                . = ALIGN (0x4)
                0x0000000020000070                _edata = .

.igot.plt       0x0000000020000070        0x0 load address 0x0000000008003fc4
 .igot.plt      0x0000000020000070        0x0 c:/st/stm32cubeide_1.7.0/stm32cubeide/plugins/com.st.stm32cube.ide.mcu.externaltools.gnu-tools-for-stm32.9-2020-q2-update.win32_2.0.0.202105311346/tools/bin/../lib/gcc/arm-none-eabi/9.3.1/thumb/v7-m/nofp/crtbegin.o
                0x0000000020000070                . = ALIGN (0x4)

.bss            0x0000000020000070      0x154 load address 0x0000000008003fc4
                0x0000000020000070                _sbss = .
                0x0000000020000070                __bss_start__ = _sbss
 *(.bss)
 .bss           0x0000000020000070       0x1c c:/st/stm32cubeide_1.7.0/stm32cubeide/plugins/com.st.stm32cube.ide.mcu.externaltools.gnu-tools-for-stm32.9-2020-q2-update.win32_2.0.0.202105311346/tools/bin/../lib/gcc/arm-none-eabi/9.3.1/thumb/v7-m/nofp/crtbegin.o
 *(.bss*)
 .bss.temp      0x000000002000008c        0x1 ./Core/Src/global.o
                0x000000002000008c                temp
 .bss.index_buffer
                0x000000002000008d        0x1 ./Core/Src/global.o
                0x000000002000008d                index_buffer
 .bss.buffer_flag
                0x000000002000008e        0x1 ./Core/Src/global.o
                0x000000002000008e                buffer_flag
 .bss.command_flag
                0x000000002000008f        0x1 ./Core/Src/global.o
                0x000000002000008f                command_flag
 .bss.ADC_value
                0x0000000020000090        0x1 ./Core/Src/global.o
                0x0000000020000090                ADC_value
 *fill*         0x0000000020000091        0x3 
 .bss.__sbrk_heap_end
                0x0000000020000094        0x4 ./Core/Src/sysmem.o
 .bss.timer1_flag
                0x0000000020000098        0x4 ./Core/Src/timer.o
                0x0000000020000098                timer1_flag
 .bss.timer1_counter
                0x000000002000009c        0x4 ./Core/Src/timer.o
                0x000000002000009c                timer1_counter
 .bss.timer2_flag
                0x00000000200000a0        0x4 ./Core/Src/timer.o
                0x00000000200000a0                timer2_flag
 .bss.timer2_counter
                0x00000000200000a4        0x4 ./Core/Src/timer.o
                0x00000000200000a4                timer2_counter
 .bss.__malloc_free_list
                0x00000000200000a8        0x4 c:/st/stm32cubeide_1.7.0/stm32cubeide/plugins/com.st.stm32cube.ide.mcu.externaltools.gnu-tools-for-stm32.9-2020-q2-update.win32_2.0.0.202105311346/tools/bin/../lib/gcc/arm-none-eabi/9.3.1/../../../../arm-none-eabi/lib/thumb/v7-m/nofp\libc_nano.a(lib_a-nano-mallocr.o)
                0x00000000200000a8                __malloc_free_list
 .bss.__malloc_sbrk_start
                0x00000000200000ac        0x4 c:/st/stm32cubeide_1.7.0/stm32cubeide/plugins/com.st.stm32cube.ide.mcu.externaltools.gnu-tools-for-stm32.9-2020-q2-update.win32_2.0.0.202105311346/tools/bin/../lib/gcc/arm-none-eabi/9.3.1/../../../../arm-none-eabi/lib/thumb/v7-m/nofp\libc_nano.a(lib_a-nano-mallocr.o)
                0x00000000200000ac                __malloc_sbrk_start
 *(COMMON)
 COMMON         0x00000000200000b0       0x78 ./Core/Src/command_parser_fsm.o
                0x00000000200000b0                hadc1
                0x00000000200000e0                huart2
 COMMON         0x0000000020000128       0x3f ./Core/Src/global.o
                0x0000000020000128                command
                0x0000000020000146                status1
                0x0000000020000147                i
                0x0000000020000148                buffer
                0x0000000020000166                status
 *fill*         0x0000000020000167        0x1 
 COMMON         0x0000000020000168       0x48 ./Core/Src/main.o
                0x0000000020000168                htim2
 COMMON         0x00000000200001b0        0x4 ./Drivers/STM32F1xx_HAL_Driver/Src/stm32f1xx_hal.o
                0x00000000200001b0                uwTick
 COMMON         0x00000000200001b4        0x4 c:/st/stm32cubeide_1.7.0/stm32cubeide/plugins/com.st.stm32cube.ide.mcu.externaltools.gnu-tools-for-stm32.9-2020-q2-update.win32_2.0.0.202105311346/tools/bin/../lib/gcc/arm-none-eabi/9.3.1/../../../../arm-none-eabi/lib/thumb/v7-m/nofp\libc_nano.a(lib_a-reent.o)
                0x00000000200001b4                errno
 COMMON         0x00000000200001b8        0x9 c:/st/stm32cubeide_1.7.0/stm32cubeide/plugins/com.st.stm32cube.ide.mcu.externaltools.gnu-tools-for-stm32.9-2020-q2-update.win32_2.0.0.202105311346/tools/bin/../lib/gcc/arm-none-eabi/9.3.1/../../../../arm-none-eabi/lib/thumb/v7-m/nofp\libc_nano.a(lib_a-lock.o)
                0x00000000200001b8                __lock___atexit_recursive_mutex
                0x00000000200001b9                __lock___arc4random_mutex
                0x00000000200001ba                __lock___env_recursive_mutex
                0x00000000200001bb                __lock___sinit_recursive_mutex
                0x00000000200001bc                __lock___malloc_recursive_mutex
                0x00000000200001bd                __lock___at_quick_exit_mutex
                0x00000000200001be                __lock___dd_hash_mutex
                0x00000000200001bf                __lock___tz_mutex
                0x00000000200001c0                __lock___sfp_recursive_mutex
                0x00000000200001c4                . = ALIGN (0x4)
 *fill*         0x00000000200001c1        0x3 
                0x00000000200001c4                _ebss = .
                0x00000000200001c4                __bss_end__ = _ebss

._user_heap_stack
                0x00000000200001c4      0x604 load address 0x0000000008003fc4
                0x00000000200001c8                . = ALIGN (0x8)
 *fill*         0x00000000200001c4        0x4 
                [!provide]                        PROVIDE (end = .)
                0x00000000200001c8                PROVIDE (_end = .)
                0x00000000200003c8                . = (. + _Min_Heap_Size)
 *fill*         0x00000000200001c8      0x200 
                0x00000000200007c8                . = (. + _Min_Stack_Size)
 *fill*         0x00000000200003c8      0x400 
                0x00000000200007c8                . = ALIGN (0x8)

/DISCARD/
 libc.a(*)
 libm.a(*)
 libgcc.a(*)

.ARM.attributes
                0x0000000000000000       0x29
 *(.ARM.attributes)
 .ARM.attributes
                0x0000000000000000       0x1d c:/st/stm32cubeide_1.7.0/stm32cubeide/plugins/com.st.stm32cube.ide.mcu.externaltools.gnu-tools-for-stm32.9-2020-q2-update.win32_2.0.0.202105311346/tools/bin/../lib/gcc/arm-none-eabi/9.3.1/thumb/v7-m/nofp/crti.o
 .ARM.attributes
                0x000000000000001d       0x2d c:/st/stm32cubeide_1.7.0/stm32cubeide/plugins/com.st.stm32cube.ide.mcu.externaltools.gnu-tools-for-stm32.9-2020-q2-update.win32_2.0.0.202105311346/tools/bin/../lib/gcc/arm-none-eabi/9.3.1/thumb/v7-m/nofp/crtbegin.o
 .ARM.attributes
                0x000000000000004a       0x2d ./Core/Src/command_parser_fsm.o
 .ARM.attributes
                0x0000000000000077       0x33 ./Core/Src/global.o
 .ARM.attributes
                0x00000000000000aa       0x2d ./Core/Src/main.o
 .ARM.attributes
                0x00000000000000d7       0x2d ./Core/Src/stm32f1xx_hal_msp.o
 .ARM.attributes
                0x0000000000000104       0x2d ./Core/Src/stm32f1xx_it.o
 .ARM.attributes
                0x0000000000000131       0x2d ./Core/Src/sysmem.o
 .ARM.attributes
                0x000000000000015e       0x2d ./Core/Src/system_stm32f1xx.o
 .ARM.attributes
                0x000000000000018b       0x2d ./Core/Src/timer.o
 .ARM.attributes
                0x00000000000001b8       0x2d ./Core/Src/uart_communication_fsm.o
 .ARM.attributes
                0x00000000000001e5       0x21 ./Core/Startup/startup_stm32f103c6ux.o
 .ARM.attributes
                0x0000000000000206       0x2d ./Drivers/STM32F1xx_HAL_Driver/Src/stm32f1xx_hal.o
 .ARM.attributes
                0x0000000000000233       0x2d ./Drivers/STM32F1xx_HAL_Driver/Src/stm32f1xx_hal_adc.o
 .ARM.attributes
                0x0000000000000260       0x2d ./Drivers/STM32F1xx_HAL_Driver/Src/stm32f1xx_hal_cortex.o
 .ARM.attributes
                0x000000000000028d       0x2d ./Drivers/STM32F1xx_HAL_Driver/Src/stm32f1xx_hal_dma.o
 .ARM.attributes
                0x00000000000002ba       0x2d ./Drivers/STM32F1xx_HAL_Driver/Src/stm32f1xx_hal_gpio.o
 .ARM.attributes
                0x00000000000002e7       0x2d ./Drivers/STM32F1xx_HAL_Driver/Src/stm32f1xx_hal_rcc.o
 .ARM.attributes
                0x0000000000000314       0x2d ./Drivers/STM32F1xx_HAL_Driver/Src/stm32f1xx_hal_rcc_ex.o
 .ARM.attributes
                0x0000000000000341       0x2d ./Drivers/STM32F1xx_HAL_Driver/Src/stm32f1xx_hal_tim.o
 .ARM.attributes
                0x000000000000036e       0x2d ./Drivers/STM32F1xx_HAL_Driver/Src/stm32f1xx_hal_tim_ex.o
 .ARM.attributes
                0x000000000000039b       0x2d ./Drivers/STM32F1xx_HAL_Driver/Src/stm32f1xx_hal_uart.o
 .ARM.attributes
                0x00000000000003c8       0x2d c:/st/stm32cubeide_1.7.0/stm32cubeide/plugins/com.st.stm32cube.ide.mcu.externaltools.gnu-tools-for-stm32.9-2020-q2-update.win32_2.0.0.202105311346/tools/bin/../lib/gcc/arm-none-eabi/9.3.1/../../../../arm-none-eabi/lib/thumb/v7-m/nofp\libc_nano.a(lib_a-errno.o)
 .ARM.attributes
                0x00000000000003f5       0x2d c:/st/stm32cubeide_1.7.0/stm32cubeide/plugins/com.st.stm32cube.ide.mcu.externaltools.gnu-tools-for-stm32.9-2020-q2-update.win32_2.0.0.202105311346/tools/bin/../lib/gcc/arm-none-eabi/9.3.1/../../../../arm-none-eabi/lib/thumb/v7-m/nofp\libc_nano.a(lib_a-impure.o)
 .ARM.attributes
                0x0000000000000422       0x2d c:/st/stm32cubeide_1.7.0/stm32cubeide/plugins/com.st.stm32cube.ide.mcu.externaltools.gnu-tools-for-stm32.9-2020-q2-update.win32_2.0.0.202105311346/tools/bin/../lib/gcc/arm-none-eabi/9.3.1/../../../../arm-none-eabi/lib/thumb/v7-m/nofp\libc_nano.a(lib_a-init.o)
 .ARM.attributes
                0x000000000000044f       0x2d c:/st/stm32cubeide_1.7.0/stm32cubeide/plugins/com.st.stm32cube.ide.mcu.externaltools.gnu-tools-for-stm32.9-2020-q2-update.win32_2.0.0.202105311346/tools/bin/../lib/gcc/arm-none-eabi/9.3.1/../../../../arm-none-eabi/lib/thumb/v7-m/nofp\libc_nano.a(lib_a-memset.o)
 .ARM.attributes
                0x000000000000047c       0x2d c:/st/stm32cubeide_1.7.0/stm32cubeide/plugins/com.st.stm32cube.ide.mcu.externaltools.gnu-tools-for-stm32.9-2020-q2-update.win32_2.0.0.202105311346/tools/bin/../lib/gcc/arm-none-eabi/9.3.1/../../../../arm-none-eabi/lib/thumb/v7-m/nofp\libc_nano.a(lib_a-sprintf.o)
 .ARM.attributes
                0x00000000000004a9       0x2d c:/st/stm32cubeide_1.7.0/stm32cubeide/plugins/com.st.stm32cube.ide.mcu.externaltools.gnu-tools-for-stm32.9-2020-q2-update.win32_2.0.0.202105311346/tools/bin/../lib/gcc/arm-none-eabi/9.3.1/../../../../arm-none-eabi/lib/thumb/v7-m/nofp\libc_nano.a(lib_a-nano-svfprintf.o)
 .ARM.attributes
                0x00000000000004d6       0x2d c:/st/stm32cubeide_1.7.0/stm32cubeide/plugins/com.st.stm32cube.ide.mcu.externaltools.gnu-tools-for-stm32.9-2020-q2-update.win32_2.0.0.202105311346/tools/bin/../lib/gcc/arm-none-eabi/9.3.1/../../../../arm-none-eabi/lib/thumb/v7-m/nofp\libc_nano.a(lib_a-nano-vfprintf_i.o)
 .ARM.attributes
                0x0000000000000503       0x2d c:/st/stm32cubeide_1.7.0/stm32cubeide/plugins/com.st.stm32cube.ide.mcu.externaltools.gnu-tools-for-stm32.9-2020-q2-update.win32_2.0.0.202105311346/tools/bin/../lib/gcc/arm-none-eabi/9.3.1/../../../../arm-none-eabi/lib/thumb/v7-m/nofp\libc_nano.a(lib_a-memchr-stub.o)
 .ARM.attributes
                0x0000000000000530       0x2d c:/st/stm32cubeide_1.7.0/stm32cubeide/plugins/com.st.stm32cube.ide.mcu.externaltools.gnu-tools-for-stm32.9-2020-q2-update.win32_2.0.0.202105311346/tools/bin/../lib/gcc/arm-none-eabi/9.3.1/../../../../arm-none-eabi/lib/thumb/v7-m/nofp\libc_nano.a(lib_a-memcpy-stub.o)
 .ARM.attributes
                0x000000000000055d       0x2d c:/st/stm32cubeide_1.7.0/stm32cubeide/plugins/com.st.stm32cube.ide.mcu.externaltools.gnu-tools-for-stm32.9-2020-q2-update.win32_2.0.0.202105311346/tools/bin/../lib/gcc/arm-none-eabi/9.3.1/../../../../arm-none-eabi/lib/thumb/v7-m/nofp\libc_nano.a(lib_a-memmove.o)
 .ARM.attributes
                0x000000000000058a       0x2d c:/st/stm32cubeide_1.7.0/stm32cubeide/plugins/com.st.stm32cube.ide.mcu.externaltools.gnu-tools-for-stm32.9-2020-q2-update.win32_2.0.0.202105311346/tools/bin/../lib/gcc/arm-none-eabi/9.3.1/../../../../arm-none-eabi/lib/thumb/v7-m/nofp\libc_nano.a(lib_a-nano-freer.o)
 .ARM.attributes
                0x00000000000005b7       0x2d c:/st/stm32cubeide_1.7.0/stm32cubeide/plugins/com.st.stm32cube.ide.mcu.externaltools.gnu-tools-for-stm32.9-2020-q2-update.win32_2.0.0.202105311346/tools/bin/../lib/gcc/arm-none-eabi/9.3.1/../../../../arm-none-eabi/lib/thumb/v7-m/nofp\libc_nano.a(lib_a-nano-mallocr.o)
 .ARM.attributes
                0x00000000000005e4       0x2d c:/st/stm32cubeide_1.7.0/stm32cubeide/plugins/com.st.stm32cube.ide.mcu.externaltools.gnu-tools-for-stm32.9-2020-q2-update.win32_2.0.0.202105311346/tools/bin/../lib/gcc/arm-none-eabi/9.3.1/../../../../arm-none-eabi/lib/thumb/v7-m/nofp\libc_nano.a(lib_a-nano-reallocr.o)
 .ARM.attributes
                0x0000000000000611       0x2d c:/st/stm32cubeide_1.7.0/stm32cubeide/plugins/com.st.stm32cube.ide.mcu.externaltools.gnu-tools-for-stm32.9-2020-q2-update.win32_2.0.0.202105311346/tools/bin/../lib/gcc/arm-none-eabi/9.3.1/../../../../arm-none-eabi/lib/thumb/v7-m/nofp\libc_nano.a(lib_a-sbrkr.o)
 .ARM.attributes
                0x000000000000063e       0x2d c:/st/stm32cubeide_1.7.0/stm32cubeide/plugins/com.st.stm32cube.ide.mcu.externaltools.gnu-tools-for-stm32.9-2020-q2-update.win32_2.0.0.202105311346/tools/bin/../lib/gcc/arm-none-eabi/9.3.1/../../../../arm-none-eabi/lib/thumb/v7-m/nofp\libc_nano.a(lib_a-mlock.o)
 .ARM.attributes
                0x000000000000066b       0x2d c:/st/stm32cubeide_1.7.0/stm32cubeide/plugins/com.st.stm32cube.ide.mcu.externaltools.gnu-tools-for-stm32.9-2020-q2-update.win32_2.0.0.202105311346/tools/bin/../lib/gcc/arm-none-eabi/9.3.1/../../../../arm-none-eabi/lib/thumb/v7-m/nofp\libc_nano.a(lib_a-nano-msizer.o)
 .ARM.attributes
                0x0000000000000698       0x2d c:/st/stm32cubeide_1.7.0/stm32cubeide/plugins/com.st.stm32cube.ide.mcu.externaltools.gnu-tools-for-stm32.9-2020-q2-update.win32_2.0.0.202105311346/tools/bin/../lib/gcc/arm-none-eabi/9.3.1/../../../../arm-none-eabi/lib/thumb/v7-m/nofp\libc_nano.a(lib_a-reent.o)
 .ARM.attributes
                0x00000000000006c5       0x2d c:/st/stm32cubeide_1.7.0/stm32cubeide/plugins/com.st.stm32cube.ide.mcu.externaltools.gnu-tools-for-stm32.9-2020-q2-update.win32_2.0.0.202105311346/tools/bin/../lib/gcc/arm-none-eabi/9.3.1/../../../../arm-none-eabi/lib/thumb/v7-m/nofp\libc_nano.a(lib_a-lock.o)
 .ARM.attributes
                0x00000000000006f2       0x1d c:/st/stm32cubeide_1.7.0/stm32cubeide/plugins/com.st.stm32cube.ide.mcu.externaltools.gnu-tools-for-stm32.9-2020-q2-update.win32_2.0.0.202105311346/tools/bin/../lib/gcc/arm-none-eabi/9.3.1/thumb/v7-m/nofp/crtn.o
OUTPUT(Lab_4.elf elf32-littlearm)
LOAD linker stubs
LOAD c:/st/stm32cubeide_1.7.0/stm32cubeide/plugins/com.st.stm32cube.ide.mcu.externaltools.gnu-tools-for-stm32.9-2020-q2-update.win32_2.0.0.202105311346/tools/bin/../lib/gcc/arm-none-eabi/9.3.1/../../../../arm-none-eabi/lib/thumb/v7-m/nofp\libc.a
LOAD c:/st/stm32cubeide_1.7.0/stm32cubeide/plugins/com.st.stm32cube.ide.mcu.externaltools.gnu-tools-for-stm32.9-2020-q2-update.win32_2.0.0.202105311346/tools/bin/../lib/gcc/arm-none-eabi/9.3.1/../../../../arm-none-eabi/lib/thumb/v7-m/nofp\libm.a
LOAD c:/st/stm32cubeide_1.7.0/stm32cubeide/plugins/com.st.stm32cube.ide.mcu.externaltools.gnu-tools-for-stm32.9-2020-q2-update.win32_2.0.0.202105311346/tools/bin/../lib/gcc/arm-none-eabi/9.3.1/thumb/v7-m/nofp\libgcc.a

.debug_info     0x0000000000000000    0x12e6d
 .debug_info    0x0000000000000000     0x1210 ./Core/Src/command_parser_fsm.o
 .debug_info    0x0000000000001210      0x975 ./Core/Src/global.o
 .debug_info    0x0000000000001b85     0x1a2c ./Core/Src/main.o
 .debug_info    0x00000000000035b1     0x10b1 ./Core/Src/stm32f1xx_hal_msp.o
 .debug_info    0x0000000000004662      0xc81 ./Core/Src/stm32f1xx_it.o
 .debug_info    0x00000000000052e3      0xa25 ./Core/Src/sysmem.o
 .debug_info    0x0000000000005d08      0x2be ./Core/Src/system_stm32f1xx.o
 .debug_info    0x0000000000005fc6      0xc91 ./Core/Src/timer.o
 .debug_info    0x0000000000006c57     0x11db ./Core/Src/uart_communication_fsm.o
 .debug_info    0x0000000000007e32       0x22 ./Core/Startup/startup_stm32f103c6ux.o
 .debug_info    0x0000000000007e54      0x74c ./Drivers/STM32F1xx_HAL_Driver/Src/stm32f1xx_hal.o
 .debug_info    0x00000000000085a0      0xd52 ./Drivers/STM32F1xx_HAL_Driver/Src/stm32f1xx_hal_adc.o
 .debug_info    0x00000000000092f2      0xbbe ./Drivers/STM32F1xx_HAL_Driver/Src/stm32f1xx_hal_cortex.o
 .debug_info    0x0000000000009eb0      0x823 ./Drivers/STM32F1xx_HAL_Driver/Src/stm32f1xx_hal_dma.o
 .debug_info    0x000000000000a6d3      0x701 ./Drivers/STM32F1xx_HAL_Driver/Src/stm32f1xx_hal_gpio.o
 .debug_info    0x000000000000add4      0x893 ./Drivers/STM32F1xx_HAL_Driver/Src/stm32f1xx_hal_rcc.o
 .debug_info    0x000000000000b667      0x486 ./Drivers/STM32F1xx_HAL_Driver/Src/stm32f1xx_hal_rcc_ex.o
 .debug_info    0x000000000000baed     0x2c12 ./Drivers/STM32F1xx_HAL_Driver/Src/stm32f1xx_hal_tim.o
 .debug_info    0x000000000000e6ff     0x157f ./Drivers/STM32F1xx_HAL_Driver/Src/stm32f1xx_hal_tim_ex.o
 .debug_info    0x000000000000fc7e     0x31ef ./Drivers/STM32F1xx_HAL_Driver/Src/stm32f1xx_hal_uart.o

.debug_abbrev   0x0000000000000000     0x27da
 .debug_abbrev  0x0000000000000000      0x258 ./Core/Src/command_parser_fsm.o
 .debug_abbrev  0x0000000000000258      0x171 ./Core/Src/global.o
 .debug_abbrev  0x00000000000003c9      0x2e3 ./Core/Src/main.o
 .debug_abbrev  0x00000000000006ac      0x1db ./Core/Src/stm32f1xx_hal_msp.o
 .debug_abbrev  0x0000000000000887      0x19a ./Core/Src/stm32f1xx_it.o
 .debug_abbrev  0x0000000000000a21      0x1bf ./Core/Src/sysmem.o
 .debug_abbrev  0x0000000000000be0      0x14e ./Core/Src/system_stm32f1xx.o
 .debug_abbrev  0x0000000000000d2e      0x1d6 ./Core/Src/timer.o
 .debug_abbrev  0x0000000000000f04      0x204 ./Core/Src/uart_communication_fsm.o
 .debug_abbrev  0x0000000000001108       0x12 ./Core/Startup/startup_stm32f103c6ux.o
 .debug_abbrev  0x000000000000111a      0x1ed ./Drivers/STM32F1xx_HAL_Driver/Src/stm32f1xx_hal.o
 .debug_abbrev  0x0000000000001307      0x1fb ./Drivers/STM32F1xx_HAL_Driver/Src/stm32f1xx_hal_adc.o
 .debug_abbrev  0x0000000000001502      0x313 ./Drivers/STM32F1xx_HAL_Driver/Src/stm32f1xx_hal_cortex.o
 .debug_abbrev  0x0000000000001815      0x228 ./Drivers/STM32F1xx_HAL_Driver/Src/stm32f1xx_hal_dma.o
 .debug_abbrev  0x0000000000001a3d      0x1e8 ./Drivers/STM32F1xx_HAL_Driver/Src/stm32f1xx_hal_gpio.o
 .debug_abbrev  0x0000000000001c25      0x273 ./Drivers/STM32F1xx_HAL_Driver/Src/stm32f1xx_hal_rcc.o
 .debug_abbrev  0x0000000000001e98      0x193 ./Drivers/STM32F1xx_HAL_Driver/Src/stm32f1xx_hal_rcc_ex.o
 .debug_abbrev  0x000000000000202b      0x25e ./Drivers/STM32F1xx_HAL_Driver/Src/stm32f1xx_hal_tim.o
 .debug_abbrev  0x0000000000002289      0x266 ./Drivers/STM32F1xx_HAL_Driver/Src/stm32f1xx_hal_tim_ex.o
 .debug_abbrev  0x00000000000024ef      0x2eb ./Drivers/STM32F1xx_HAL_Driver/Src/stm32f1xx_hal_uart.o

.debug_aranges  0x0000000000000000      0xdd0
 .debug_aranges
                0x0000000000000000       0x30 ./Core/Src/command_parser_fsm.o
 .debug_aranges
                0x0000000000000030       0x18 ./Core/Src/global.o
 .debug_aranges
                0x0000000000000048       0x58 ./Core/Src/main.o
 .debug_aranges
                0x00000000000000a0       0x50 ./Core/Src/stm32f1xx_hal_msp.o
 .debug_aranges
                0x00000000000000f0       0x70 ./Core/Src/stm32f1xx_it.o
 .debug_aranges
                0x0000000000000160       0x20 ./Core/Src/sysmem.o
 .debug_aranges
                0x0000000000000180       0x28 ./Core/Src/system_stm32f1xx.o
 .debug_aranges
                0x00000000000001a8       0x38 ./Core/Src/timer.o
 .debug_aranges
                0x00000000000001e0       0x20 ./Core/Src/uart_communication_fsm.o
 .debug_aranges
                0x0000000000000200       0x28 ./Core/Startup/startup_stm32f103c6ux.o
 .debug_aranges
                0x0000000000000228       0xe0 ./Drivers/STM32F1xx_HAL_Driver/Src/stm32f1xx_hal.o
 .debug_aranges
                0x0000000000000308       0xf0 ./Drivers/STM32F1xx_HAL_Driver/Src/stm32f1xx_hal_adc.o
 .debug_aranges
                0x00000000000003f8      0x100 ./Drivers/STM32F1xx_HAL_Driver/Src/stm32f1xx_hal_cortex.o
 .debug_aranges
                0x00000000000004f8       0x80 ./Drivers/STM32F1xx_HAL_Driver/Src/stm32f1xx_hal_dma.o
 .debug_aranges
                0x0000000000000578       0x58 ./Drivers/STM32F1xx_HAL_Driver/Src/stm32f1xx_hal_gpio.o
 .debug_aranges
                0x00000000000005d0       0x90 ./Drivers/STM32F1xx_HAL_Driver/Src/stm32f1xx_hal_rcc.o
 .debug_aranges
                0x0000000000000660       0x30 ./Drivers/STM32F1xx_HAL_Driver/Src/stm32f1xx_hal_rcc_ex.o
 .debug_aranges
                0x0000000000000690      0x3d0 ./Drivers/STM32F1xx_HAL_Driver/Src/stm32f1xx_hal_tim.o
 .debug_aranges
                0x0000000000000a60      0x168 ./Drivers/STM32F1xx_HAL_Driver/Src/stm32f1xx_hal_tim_ex.o
 .debug_aranges
                0x0000000000000bc8      0x208 ./Drivers/STM32F1xx_HAL_Driver/Src/stm32f1xx_hal_uart.o

.debug_ranges   0x0000000000000000      0xcc0
 .debug_ranges  0x0000000000000000       0x20 ./Core/Src/command_parser_fsm.o
 .debug_ranges  0x0000000000000020       0x48 ./Core/Src/main.o
 .debug_ranges  0x0000000000000068       0x40 ./Core/Src/stm32f1xx_hal_msp.o
 .debug_ranges  0x00000000000000a8       0x60 ./Core/Src/stm32f1xx_it.o
 .debug_ranges  0x0000000000000108       0x10 ./Core/Src/sysmem.o
 .debug_ranges  0x0000000000000118       0x18 ./Core/Src/system_stm32f1xx.o
 .debug_ranges  0x0000000000000130       0x28 ./Core/Src/timer.o
 .debug_ranges  0x0000000000000158       0x10 ./Core/Src/uart_communication_fsm.o
 .debug_ranges  0x0000000000000168       0x20 ./Core/Startup/startup_stm32f103c6ux.o
 .debug_ranges  0x0000000000000188       0xd0 ./Drivers/STM32F1xx_HAL_Driver/Src/stm32f1xx_hal.o
 .debug_ranges  0x0000000000000258       0xe0 ./Drivers/STM32F1xx_HAL_Driver/Src/stm32f1xx_hal_adc.o
 .debug_ranges  0x0000000000000338       0xf0 ./Drivers/STM32F1xx_HAL_Driver/Src/stm32f1xx_hal_cortex.o
 .debug_ranges  0x0000000000000428       0x70 ./Drivers/STM32F1xx_HAL_Driver/Src/stm32f1xx_hal_dma.o
 .debug_ranges  0x0000000000000498       0x48 ./Drivers/STM32F1xx_HAL_Driver/Src/stm32f1xx_hal_gpio.o
 .debug_ranges  0x00000000000004e0       0x80 ./Drivers/STM32F1xx_HAL_Driver/Src/stm32f1xx_hal_rcc.o
 .debug_ranges  0x0000000000000560       0x20 ./Drivers/STM32F1xx_HAL_Driver/Src/stm32f1xx_hal_rcc_ex.o
 .debug_ranges  0x0000000000000580      0x3c0 ./Drivers/STM32F1xx_HAL_Driver/Src/stm32f1xx_hal_tim.o
 .debug_ranges  0x0000000000000940      0x158 ./Drivers/STM32F1xx_HAL_Driver/Src/stm32f1xx_hal_tim_ex.o
 .debug_ranges  0x0000000000000a98      0x228 ./Drivers/STM32F1xx_HAL_Driver/Src/stm32f1xx_hal_uart.o

.debug_macro    0x0000000000000000    0x1939f
 .debug_macro   0x0000000000000000      0x368 ./Core/Src/command_parser_fsm.o
 .debug_macro   0x0000000000000368      0xa9c ./Core/Src/command_parser_fsm.o
 .debug_macro   0x0000000000000e04       0x22 ./Core/Src/command_parser_fsm.o
 .debug_macro   0x0000000000000e26       0x4c ./Core/Src/command_parser_fsm.o
 .debug_macro   0x0000000000000e72       0x18 ./Core/Src/command_parser_fsm.o
 .debug_macro   0x0000000000000e8a       0x94 ./Core/Src/command_parser_fsm.o
 .debug_macro   0x0000000000000f1e       0x3c ./Core/Src/command_parser_fsm.o
 .debug_macro   0x0000000000000f5a       0x34 ./Core/Src/command_parser_fsm.o
 .debug_macro   0x0000000000000f8e      0x174 ./Core/Src/command_parser_fsm.o
 .debug_macro   0x0000000000001102       0x16 ./Core/Src/command_parser_fsm.o
 .debug_macro   0x0000000000001118       0x43 ./Core/Src/command_parser_fsm.o
 .debug_macro   0x000000000000115b       0x57 ./Core/Src/command_parser_fsm.o
 .debug_macro   0x00000000000011b2       0x34 ./Core/Src/command_parser_fsm.o
 .debug_macro   0x00000000000011e6       0x10 ./Core/Src/command_parser_fsm.o
 .debug_macro   0x00000000000011f6       0x58 ./Core/Src/command_parser_fsm.o
 .debug_macro   0x000000000000124e       0x71 ./Core/Src/command_parser_fsm.o
 .debug_macro   0x00000000000012bf       0x1c ./Core/Src/command_parser_fsm.o
 .debug_macro   0x00000000000012db      0x12a ./Core/Src/command_parser_fsm.o
 .debug_macro   0x0000000000001405      0x339 ./Core/Src/command_parser_fsm.o
 .debug_macro   0x000000000000173e       0x10 ./Core/Src/command_parser_fsm.o
 .debug_macro   0x000000000000174e       0x35 ./Core/Src/command_parser_fsm.o
 .debug_macro   0x0000000000001783       0x20 ./Core/Src/command_parser_fsm.o
 .debug_macro   0x00000000000017a3       0x1c ./Core/Src/command_parser_fsm.o
 .debug_macro   0x00000000000017bf       0x10 ./Core/Src/command_parser_fsm.o
 .debug_macro   0x00000000000017cf       0x10 ./Core/Src/command_parser_fsm.o
 .debug_macro   0x00000000000017df       0x6a ./Core/Src/command_parser_fsm.o
 .debug_macro   0x0000000000001849       0x1c ./Core/Src/command_parser_fsm.o
 .debug_macro   0x0000000000001865       0x52 ./Core/Src/command_parser_fsm.o
 .debug_macro   0x00000000000018b7       0x22 ./Core/Src/command_parser_fsm.o
 .debug_macro   0x00000000000018d9       0x10 ./Core/Src/command_parser_fsm.o
 .debug_macro   0x00000000000018e9       0x40 ./Core/Src/command_parser_fsm.o
 .debug_macro   0x0000000000001929       0xd5 ./Core/Src/command_parser_fsm.o
 .debug_macro   0x00000000000019fe       0x1c ./Core/Src/command_parser_fsm.o
 .debug_macro   0x0000000000001a1a       0x3d ./Core/Src/command_parser_fsm.o
 .debug_macro   0x0000000000001a57       0x16 ./Core/Src/command_parser_fsm.o
 .debug_macro   0x0000000000001a6d      0x145 ./Core/Src/command_parser_fsm.o
 .debug_macro   0x0000000000001bb2      0x221 ./Core/Src/command_parser_fsm.o
 .debug_macro   0x0000000000001dd3       0x2e ./Core/Src/command_parser_fsm.o
 .debug_macro   0x0000000000001e01       0x22 ./Core/Src/command_parser_fsm.o
 .debug_macro   0x0000000000001e23      0x103 ./Core/Src/command_parser_fsm.o
 .debug_macro   0x0000000000001f26      0x1df ./Core/Src/command_parser_fsm.o
 .debug_macro   0x0000000000002105       0x1c ./Core/Src/command_parser_fsm.o
 .debug_macro   0x0000000000002121       0x22 ./Core/Src/command_parser_fsm.o
 .debug_macro   0x0000000000002143       0xbd ./Core/Src/command_parser_fsm.o
 .debug_macro   0x0000000000002200      0xd23 ./Core/Src/command_parser_fsm.o
 .debug_macro   0x0000000000002f23     0xde75 ./Core/Src/command_parser_fsm.o
 .debug_macro   0x0000000000010d98       0x6d ./Core/Src/command_parser_fsm.o
 .debug_macro   0x0000000000010e05     0x348d ./Core/Src/command_parser_fsm.o
 .debug_macro   0x0000000000014292       0x56 ./Core/Src/command_parser_fsm.o
 .debug_macro   0x00000000000142e8      0x5bc ./Core/Src/command_parser_fsm.o
 .debug_macro   0x00000000000148a4      0x1b7 ./Core/Src/command_parser_fsm.o
 .debug_macro   0x0000000000014a5b      0x1cb ./Core/Src/command_parser_fsm.o
 .debug_macro   0x0000000000014c26      0x114 ./Core/Src/command_parser_fsm.o
 .debug_macro   0x0000000000014d3a      0x1b2 ./Core/Src/command_parser_fsm.o
 .debug_macro   0x0000000000014eec       0x27 ./Core/Src/command_parser_fsm.o
 .debug_macro   0x0000000000014f13      0x12f ./Core/Src/command_parser_fsm.o
 .debug_macro   0x0000000000015042      0x1bc ./Core/Src/command_parser_fsm.o
 .debug_macro   0x00000000000151fe       0x34 ./Core/Src/command_parser_fsm.o
 .debug_macro   0x0000000000015232       0x3c ./Core/Src/command_parser_fsm.o
 .debug_macro   0x000000000001526e       0x57 ./Core/Src/command_parser_fsm.o
 .debug_macro   0x00000000000152c5      0x46a ./Core/Src/command_parser_fsm.o
 .debug_macro   0x000000000001572f      0x1b5 ./Core/Src/command_parser_fsm.o
 .debug_macro   0x00000000000158e4       0x87 ./Core/Src/command_parser_fsm.o
 .debug_macro   0x000000000001596b      0x183 ./Core/Src/command_parser_fsm.o
 .debug_macro   0x0000000000015aee      0x140 ./Core/Src/command_parser_fsm.o
 .debug_macro   0x0000000000015c2e      0x8ed ./Core/Src/command_parser_fsm.o
 .debug_macro   0x000000000001651b      0x28e ./Core/Src/command_parser_fsm.o
 .debug_macro   0x00000000000167a9       0x69 ./Core/Src/command_parser_fsm.o
 .debug_macro   0x0000000000016812       0x10 ./Core/Src/command_parser_fsm.o
 .debug_macro   0x0000000000016822       0x64 ./Core/Src/command_parser_fsm.o
 .debug_macro   0x0000000000016886      0x1eb ./Core/Src/global.o
 .debug_macro   0x0000000000016a71       0x8e ./Core/Src/global.o
 .debug_macro   0x0000000000016aff       0x51 ./Core/Src/global.o
 .debug_macro   0x0000000000016b50       0xc3 ./Core/Src/global.o
 .debug_macro   0x0000000000016c13       0x5c ./Core/Src/global.o
 .debug_macro   0x0000000000016c6f       0x5e ./Core/Src/global.o
 .debug_macro   0x0000000000016ccd      0x388 ./Core/Src/main.o
 .debug_macro   0x0000000000017055       0x52 ./Core/Src/main.o
 .debug_macro   0x00000000000170a7       0x16 ./Core/Src/main.o
 .debug_macro   0x00000000000170bd      0x333 ./Core/Src/main.o
 .debug_macro   0x00000000000173f0       0x16 ./Core/Src/main.o
 .debug_macro   0x0000000000017406      0x1c4 ./Core/Src/stm32f1xx_hal_msp.o
 .debug_macro   0x00000000000175ca      0x1ce ./Core/Src/stm32f1xx_it.o
 .debug_macro   0x0000000000017798       0xff ./Core/Src/sysmem.o
 .debug_macro   0x0000000000017897      0x23b ./Core/Src/sysmem.o
 .debug_macro   0x0000000000017ad2      0x1b5 ./Core/Src/system_stm32f1xx.o
 .debug_macro   0x0000000000017c87      0x1d4 ./Core/Src/timer.o
 .debug_macro   0x0000000000017e5b      0x372 ./Core/Src/uart_communication_fsm.o
 .debug_macro   0x00000000000181cd      0x1d9 ./Drivers/STM32F1xx_HAL_Driver/Src/stm32f1xx_hal.o
 .debug_macro   0x00000000000183a6      0x1d2 ./Drivers/STM32F1xx_HAL_Driver/Src/stm32f1xx_hal_adc.o
 .debug_macro   0x0000000000018578      0x1b5 ./Drivers/STM32F1xx_HAL_Driver/Src/stm32f1xx_hal_cortex.o
 .debug_macro   0x000000000001872d      0x1b5 ./Drivers/STM32F1xx_HAL_Driver/Src/stm32f1xx_hal_dma.o
 .debug_macro   0x00000000000188e2      0x220 ./Drivers/STM32F1xx_HAL_Driver/Src/stm32f1xx_hal_gpio.o
 .debug_macro   0x0000000000018b02      0x1c7 ./Drivers/STM32F1xx_HAL_Driver/Src/stm32f1xx_hal_rcc.o
 .debug_macro   0x0000000000018cc9      0x1b5 ./Drivers/STM32F1xx_HAL_Driver/Src/stm32f1xx_hal_rcc_ex.o
 .debug_macro   0x0000000000018e7e      0x1b6 ./Drivers/STM32F1xx_HAL_Driver/Src/stm32f1xx_hal_tim.o
 .debug_macro   0x0000000000019034      0x1b5 ./Drivers/STM32F1xx_HAL_Driver/Src/stm32f1xx_hal_tim_ex.o
 .debug_macro   0x00000000000191e9      0x1b6 ./Drivers/STM32F1xx_HAL_Driver/Src/stm32f1xx_hal_uart.o

.debug_line     0x0000000000000000    0x10e10
 .debug_line    0x0000000000000000      0x9ae ./Core/Src/command_parser_fsm.o
 .debug_line    0x00000000000009ae      0x6ca ./Core/Src/global.o
 .debug_line    0x0000000000001078      0xade ./Core/Src/main.o
 .debug_line    0x0000000000001b56      0x786 ./Core/Src/stm32f1xx_hal_msp.o
 .debug_line    0x00000000000022dc      0x7a0 ./Core/Src/stm32f1xx_it.o
 .debug_line    0x0000000000002a7c      0x4f8 ./Core/Src/sysmem.o
 .debug_line    0x0000000000002f74      0x72c ./Core/Src/system_stm32f1xx.o
 .debug_line    0x00000000000036a0      0x725 ./Core/Src/timer.o
 .debug_line    0x0000000000003dc5      0x922 ./Core/Src/uart_communication_fsm.o
 .debug_line    0x00000000000046e7       0x86 ./Core/Startup/startup_stm32f103c6ux.o
 .debug_line    0x000000000000476d      0x959 ./Drivers/STM32F1xx_HAL_Driver/Src/stm32f1xx_hal.o
 .debug_line    0x00000000000050c6      0xfde ./Drivers/STM32F1xx_HAL_Driver/Src/stm32f1xx_hal_adc.o
 .debug_line    0x00000000000060a4      0xb41 ./Drivers/STM32F1xx_HAL_Driver/Src/stm32f1xx_hal_cortex.o
 .debug_line    0x0000000000006be5      0xdb2 ./Drivers/STM32F1xx_HAL_Driver/Src/stm32f1xx_hal_dma.o
 .debug_line    0x0000000000007997      0x9dc ./Drivers/STM32F1xx_HAL_Driver/Src/stm32f1xx_hal_gpio.o
 .debug_line    0x0000000000008373      0xd65 ./Drivers/STM32F1xx_HAL_Driver/Src/stm32f1xx_hal_rcc.o
 .debug_line    0x00000000000090d8      0x8a0 ./Drivers/STM32F1xx_HAL_Driver/Src/stm32f1xx_hal_rcc_ex.o
 .debug_line    0x0000000000009978     0x338f ./Drivers/STM32F1xx_HAL_Driver/Src/stm32f1xx_hal_tim.o
 .debug_line    0x000000000000cd07     0x187f ./Drivers/STM32F1xx_HAL_Driver/Src/stm32f1xx_hal_tim_ex.o
 .debug_line    0x000000000000e586     0x288a ./Drivers/STM32F1xx_HAL_Driver/Src/stm32f1xx_hal_uart.o

.debug_str      0x0000000000000000    0x8db45
 .debug_str     0x0000000000000000    0x8a049 ./Core/Src/command_parser_fsm.o
                                      0x8a4ae (size before relaxing)
 .debug_str     0x000000000008a049       0x49 ./Core/Src/global.o
                                      0x86357 (size before relaxing)
 .debug_str     0x000000000008a092      0x650 ./Core/Src/main.o
                                      0x8ab4e (size before relaxing)
 .debug_str     0x000000000008a6e2      0x305 ./Core/Src/stm32f1xx_hal_msp.o
                                      0x868ed (size before relaxing)
 .debug_str     0x000000000008a9e7       0xdf ./Core/Src/stm32f1xx_it.o
                                      0x865cd (size before relaxing)
 .debug_str     0x000000000008aac6      0x4e9 ./Core/Src/sysmem.o
                                       0x627b (size before relaxing)
 .debug_str     0x000000000008afaf       0x52 ./Core/Src/system_stm32f1xx.o
                                      0x85d47 (size before relaxing)
 .debug_str     0x000000000008b001       0x7a ./Core/Src/timer.o
                                      0x86592 (size before relaxing)
 .debug_str     0x000000000008b07b       0x3c ./Core/Src/uart_communication_fsm.o
                                      0x8a4bf (size before relaxing)
 .debug_str     0x000000000008b0b7       0x36 ./Core/Startup/startup_stm32f103c6ux.o
                                         0x8f (size before relaxing)
 .debug_str     0x000000000008b0ed      0x304 ./Drivers/STM32F1xx_HAL_Driver/Src/stm32f1xx_hal.o
                                      0x8639e (size before relaxing)
 .debug_str     0x000000000008b3f1      0x354 ./Drivers/STM32F1xx_HAL_Driver/Src/stm32f1xx_hal_adc.o
                                      0x863de (size before relaxing)
 .debug_str     0x000000000008b745      0x300 ./Drivers/STM32F1xx_HAL_Driver/Src/stm32f1xx_hal_cortex.o
                                      0x863a6 (size before relaxing)
 .debug_str     0x000000000008ba45      0x230 ./Drivers/STM32F1xx_HAL_Driver/Src/stm32f1xx_hal_dma.o
                                      0x86122 (size before relaxing)
 .debug_str     0x000000000008bc75      0x31f ./Drivers/STM32F1xx_HAL_Driver/Src/stm32f1xx_hal_gpio.o
                                      0x8610b (size before relaxing)
 .debug_str     0x000000000008bf94      0x24f ./Drivers/STM32F1xx_HAL_Driver/Src/stm32f1xx_hal_rcc.o
                                      0x86144 (size before relaxing)
 .debug_str     0x000000000008c1e3       0xb9 ./Drivers/STM32F1xx_HAL_Driver/Src/stm32f1xx_hal_rcc_ex.o
                                      0x85ed1 (size before relaxing)
 .debug_str     0x000000000008c29c      0xdb5 ./Drivers/STM32F1xx_HAL_Driver/Src/stm32f1xx_hal_tim.o
                                      0x8711d (size before relaxing)
 .debug_str     0x000000000008d051      0x4ee ./Drivers/STM32F1xx_HAL_Driver/Src/stm32f1xx_hal_tim_ex.o
                                      0x868ce (size before relaxing)
 .debug_str     0x000000000008d53f      0x606 ./Drivers/STM32F1xx_HAL_Driver/Src/stm32f1xx_hal_uart.o
                                      0x8679c (size before relaxing)

.comment        0x0000000000000000       0x53
 .comment       0x0000000000000000       0x53 ./Core/Src/command_parser_fsm.o
                                         0x54 (size before relaxing)
 .comment       0x0000000000000053       0x54 ./Core/Src/global.o
 .comment       0x0000000000000053       0x54 ./Core/Src/main.o
 .comment       0x0000000000000053       0x54 ./Core/Src/stm32f1xx_hal_msp.o
 .comment       0x0000000000000053       0x54 ./Core/Src/stm32f1xx_it.o
 .comment       0x0000000000000053       0x54 ./Core/Src/sysmem.o
 .comment       0x0000000000000053       0x54 ./Core/Src/system_stm32f1xx.o
 .comment       0x0000000000000053       0x54 ./Core/Src/timer.o
 .comment       0x0000000000000053       0x54 ./Core/Src/uart_communication_fsm.o
 .comment       0x0000000000000053       0x54 ./Drivers/STM32F1xx_HAL_Driver/Src/stm32f1xx_hal.o
 .comment       0x0000000000000053       0x54 ./Drivers/STM32F1xx_HAL_Driver/Src/stm32f1xx_hal_adc.o
 .comment       0x0000000000000053       0x54 ./Drivers/STM32F1xx_HAL_Driver/Src/stm32f1xx_hal_cortex.o
 .comment       0x0000000000000053       0x54 ./Drivers/STM32F1xx_HAL_Driver/Src/stm32f1xx_hal_dma.o
 .comment       0x0000000000000053       0x54 ./Drivers/STM32F1xx_HAL_Driver/Src/stm32f1xx_hal_gpio.o
 .comment       0x0000000000000053       0x54 ./Drivers/STM32F1xx_HAL_Driver/Src/stm32f1xx_hal_rcc.o
 .comment       0x0000000000000053       0x54 ./Drivers/STM32F1xx_HAL_Driver/Src/stm32f1xx_hal_rcc_ex.o
 .comment       0x0000000000000053       0x54 ./Drivers/STM32F1xx_HAL_Driver/Src/stm32f1xx_hal_tim.o
 .comment       0x0000000000000053       0x54 ./Drivers/STM32F1xx_HAL_Driver/Src/stm32f1xx_hal_tim_ex.o
 .comment       0x0000000000000053       0x54 ./Drivers/STM32F1xx_HAL_Driver/Src/stm32f1xx_hal_uart.o

.debug_frame    0x0000000000000000     0x3c34
 .debug_frame   0x0000000000000000       0x7c ./Core/Src/command_parser_fsm.o
 .debug_frame   0x000000000000007c      0x114 ./Core/Src/main.o
 .debug_frame   0x0000000000000190      0x110 ./Core/Src/stm32f1xx_hal_msp.o
 .debug_frame   0x00000000000002a0      0x13c ./Core/Src/stm32f1xx_it.o
 .debug_frame   0x00000000000003dc       0x34 ./Core/Src/sysmem.o
 .debug_frame   0x0000000000000410       0x58 ./Core/Src/system_stm32f1xx.o
 .debug_frame   0x0000000000000468       0xa4 ./Core/Src/timer.o
 .debug_frame   0x000000000000050c       0x34 ./Core/Src/uart_communication_fsm.o
 .debug_frame   0x0000000000000540      0x334 ./Drivers/STM32F1xx_HAL_Driver/Src/stm32f1xx_hal.o
 .debug_frame   0x0000000000000874      0x40c ./Drivers/STM32F1xx_HAL_Driver/Src/stm32f1xx_hal_adc.o
 .debug_frame   0x0000000000000c80      0x428 ./Drivers/STM32F1xx_HAL_Driver/Src/stm32f1xx_hal_cortex.o
 .debug_frame   0x00000000000010a8      0x208 ./Drivers/STM32F1xx_HAL_Driver/Src/stm32f1xx_hal_dma.o
 .debug_frame   0x00000000000012b0      0x14c ./Drivers/STM32F1xx_HAL_Driver/Src/stm32f1xx_hal_gpio.o
 .debug_frame   0x00000000000013fc      0x218 ./Drivers/STM32F1xx_HAL_Driver/Src/stm32f1xx_hal_rcc.o
 .debug_frame   0x0000000000001614       0x80 ./Drivers/STM32F1xx_HAL_Driver/Src/stm32f1xx_hal_rcc_ex.o
 .debug_frame   0x0000000000001694     0x11b8 ./Drivers/STM32F1xx_HAL_Driver/Src/stm32f1xx_hal_tim.o
 .debug_frame   0x000000000000284c      0x638 ./Drivers/STM32F1xx_HAL_Driver/Src/stm32f1xx_hal_tim_ex.o
 .debug_frame   0x0000000000002e84      0x944 ./Drivers/STM32F1xx_HAL_Driver/Src/stm32f1xx_hal_uart.o
 .debug_frame   0x00000000000037c8       0x20 c:/st/stm32cubeide_1.7.0/stm32cubeide/plugins/com.st.stm32cube.ide.mcu.externaltools.gnu-tools-for-stm32.9-2020-q2-update.win32_2.0.0.202105311346/tools/bin/../lib/gcc/arm-none-eabi/9.3.1/../../../../arm-none-eabi/lib/thumb/v7-m/nofp\libc_nano.a(lib_a-errno.o)
 .debug_frame   0x00000000000037e8       0x2c c:/st/stm32cubeide_1.7.0/stm32cubeide/plugins/com.st.stm32cube.ide.mcu.externaltools.gnu-tools-for-stm32.9-2020-q2-update.win32_2.0.0.202105311346/tools/bin/../lib/gcc/arm-none-eabi/9.3.1/../../../../arm-none-eabi/lib/thumb/v7-m/nofp\libc_nano.a(lib_a-init.o)
 .debug_frame   0x0000000000003814       0x20 c:/st/stm32cubeide_1.7.0/stm32cubeide/plugins/com.st.stm32cube.ide.mcu.externaltools.gnu-tools-for-stm32.9-2020-q2-update.win32_2.0.0.202105311346/tools/bin/../lib/gcc/arm-none-eabi/9.3.1/../../../../arm-none-eabi/lib/thumb/v7-m/nofp\libc_nano.a(lib_a-memset.o)
 .debug_frame   0x0000000000003834       0x6c c:/st/stm32cubeide_1.7.0/stm32cubeide/plugins/com.st.stm32cube.ide.mcu.externaltools.gnu-tools-for-stm32.9-2020-q2-update.win32_2.0.0.202105311346/tools/bin/../lib/gcc/arm-none-eabi/9.3.1/../../../../arm-none-eabi/lib/thumb/v7-m/nofp\libc_nano.a(lib_a-sprintf.o)
 .debug_frame   0x00000000000038a0       0x90 c:/st/stm32cubeide_1.7.0/stm32cubeide/plugins/com.st.stm32cube.ide.mcu.externaltools.gnu-tools-for-stm32.9-2020-q2-update.win32_2.0.0.202105311346/tools/bin/../lib/gcc/arm-none-eabi/9.3.1/../../../../arm-none-eabi/lib/thumb/v7-m/nofp\libc_nano.a(lib_a-nano-svfprintf.o)
 .debug_frame   0x0000000000003930       0x60 c:/st/stm32cubeide_1.7.0/stm32cubeide/plugins/com.st.stm32cube.ide.mcu.externaltools.gnu-tools-for-stm32.9-2020-q2-update.win32_2.0.0.202105311346/tools/bin/../lib/gcc/arm-none-eabi/9.3.1/../../../../arm-none-eabi/lib/thumb/v7-m/nofp\libc_nano.a(lib_a-nano-vfprintf_i.o)
 .debug_frame   0x0000000000003990       0x28 c:/st/stm32cubeide_1.7.0/stm32cubeide/plugins/com.st.stm32cube.ide.mcu.externaltools.gnu-tools-for-stm32.9-2020-q2-update.win32_2.0.0.202105311346/tools/bin/../lib/gcc/arm-none-eabi/9.3.1/../../../../arm-none-eabi/lib/thumb/v7-m/nofp\libc_nano.a(lib_a-memchr-stub.o)
 .debug_frame   0x00000000000039b8       0x28 c:/st/stm32cubeide_1.7.0/stm32cubeide/plugins/com.st.stm32cube.ide.mcu.externaltools.gnu-tools-for-stm32.9-2020-q2-update.win32_2.0.0.202105311346/tools/bin/../lib/gcc/arm-none-eabi/9.3.1/../../../../arm-none-eabi/lib/thumb/v7-m/nofp\libc_nano.a(lib_a-memcpy-stub.o)
 .debug_frame   0x00000000000039e0       0x28 c:/st/stm32cubeide_1.7.0/stm32cubeide/plugins/com.st.stm32cube.ide.mcu.externaltools.gnu-tools-for-stm32.9-2020-q2-update.win32_2.0.0.202105311346/tools/bin/../lib/gcc/arm-none-eabi/9.3.1/../../../../arm-none-eabi/lib/thumb/v7-m/nofp\libc_nano.a(lib_a-memmove.o)
 .debug_frame   0x0000000000003a08       0x38 c:/st/stm32cubeide_1.7.0/stm32cubeide/plugins/com.st.stm32cube.ide.mcu.externaltools.gnu-tools-for-stm32.9-2020-q2-update.win32_2.0.0.202105311346/tools/bin/../lib/gcc/arm-none-eabi/9.3.1/../../../../arm-none-eabi/lib/thumb/v7-m/nofp\libc_nano.a(lib_a-nano-freer.o)
 .debug_frame   0x0000000000003a40       0x30 c:/st/stm32cubeide_1.7.0/stm32cubeide/plugins/com.st.stm32cube.ide.mcu.externaltools.gnu-tools-for-stm32.9-2020-q2-update.win32_2.0.0.202105311346/tools/bin/../lib/gcc/arm-none-eabi/9.3.1/../../../../arm-none-eabi/lib/thumb/v7-m/nofp\libc_nano.a(lib_a-nano-mallocr.o)
 .debug_frame   0x0000000000003a70       0x3c c:/st/stm32cubeide_1.7.0/stm32cubeide/plugins/com.st.stm32cube.ide.mcu.externaltools.gnu-tools-for-stm32.9-2020-q2-update.win32_2.0.0.202105311346/tools/bin/../lib/gcc/arm-none-eabi/9.3.1/../../../../arm-none-eabi/lib/thumb/v7-m/nofp\libc_nano.a(lib_a-nano-reallocr.o)
 .debug_frame   0x0000000000003aac       0x2c c:/st/stm32cubeide_1.7.0/stm32cubeide/plugins/com.st.stm32cube.ide.mcu.externaltools.gnu-tools-for-stm32.9-2020-q2-update.win32_2.0.0.202105311346/tools/bin/../lib/gcc/arm-none-eabi/9.3.1/../../../../arm-none-eabi/lib/thumb/v7-m/nofp\libc_nano.a(lib_a-sbrkr.o)
 .debug_frame   0x0000000000003ad8       0x30 c:/st/stm32cubeide_1.7.0/stm32cubeide/plugins/com.st.stm32cube.ide.mcu.externaltools.gnu-tools-for-stm32.9-2020-q2-update.win32_2.0.0.202105311346/tools/bin/../lib/gcc/arm-none-eabi/9.3.1/../../../../arm-none-eabi/lib/thumb/v7-m/nofp\libc_nano.a(lib_a-mlock.o)
 .debug_frame   0x0000000000003b08       0x20 c:/st/stm32cubeide_1.7.0/stm32cubeide/plugins/com.st.stm32cube.ide.mcu.externaltools.gnu-tools-for-stm32.9-2020-q2-update.win32_2.0.0.202105311346/tools/bin/../lib/gcc/arm-none-eabi/9.3.1/../../../../arm-none-eabi/lib/thumb/v7-m/nofp\libc_nano.a(lib_a-nano-msizer.o)
 .debug_frame   0x0000000000003b28       0x5c c:/st/stm32cubeide_1.7.0/stm32cubeide/plugins/com.st.stm32cube.ide.mcu.externaltools.gnu-tools-for-stm32.9-2020-q2-update.win32_2.0.0.202105311346/tools/bin/../lib/gcc/arm-none-eabi/9.3.1/../../../../arm-none-eabi/lib/thumb/v7-m/nofp\libc_nano.a(lib_a-reent.o)
 .debug_frame   0x0000000000003b84       0xb0 c:/st/stm32cubeide_1.7.0/stm32cubeide/plugins/com.st.stm32cube.ide.mcu.externaltools.gnu-tools-for-stm32.9-2020-q2-update.win32_2.0.0.202105311346/tools/bin/../lib/gcc/arm-none-eabi/9.3.1/../../../../arm-none-eabi/lib/thumb/v7-m/nofp\libc_nano.a(lib_a-lock.o)
